Text classification proposal evidence: /workspace/Tuldok/test-results/text-classification-proposals/run-3xCZcY
[28973:29001:1007/085613.651209:ERROR:dbus/bus.cc:405] Failed to connect to the bus: Failed to connect to socket /run/dbus/system_bus_socket: No such file or directory
[28973:29001:1007/085613.655493:ERROR:dbus/bus.cc:405] Failed to connect to the bus: Could not parse server address: Unknown address type (examples of valid types are "tcp" and on UNIX "unix")
[28973:29001:1007/085613.655587:ERROR:dbus/bus.cc:405] Failed to connect to the bus: Failed to connect to socket /run/dbus/system_bus_socket: No such file or directory
[28973:29001:1007/085613.655610:ERROR:dbus/bus.cc:405] Failed to connect to the bus: Failed to connect to socket /run/dbus/system_bus_socket: No such file or directory
[28973:29001:1007/085613.655617:ERROR:dbus/bus.cc:405] Failed to connect to the bus: Could not parse server address: Unknown address type (examples of valid types are "tcp" and on UNIX "unix")
[28973:29012:1007/085613.660598:ERROR:content/browser/zygote_host/zygote_host_impl_linux.cc:279] Failed to adjust OOM score of renderer with pid 29014: Read-only file system (30)
[28973:29001:1007/085614.117650:ERROR:dbus/bus.cc:405] Failed to connect to the bus: Could not parse server address: Unknown address type (examples of valid types are "tcp" and on UNIX "unix")
[28973:29001:1007/085614.156756:ERROR:dbus/bus.cc:405] Failed to connect to the bus: Could not parse server address: Unknown address type (examples of valid types are "tcp" and on UNIX "unix")
[28973:29012:1007/085614.157425:ERROR:content/browser/zygote_host/zygote_host_impl_linux.cc:279] Failed to adjust OOM score of renderer with pid 29030: Read-only file system (30)
[28973:28973:1007/085614.178260:ERROR:dbus/object_proxy.cc:572] Failed to call method: org.freedesktop.DBus.NameHasOwner: object_path= /org/freedesktop/DBus: unknown error type: 
[28973:28973:1007/085614.178335:ERROR:dbus/object_proxy.cc:572] Failed to call method: org.freedesktop.DBus.NameHasOwner: object_path= /org/freedesktop/DBus: unknown error type: 
[28973:29001:1007/085614.178366:ERROR:dbus/bus.cc:405] Failed to connect to the bus: Could not parse server address: Unknown address type (examples of valid types are "tcp" and on UNIX "unix")
[28973:29001:1007/085614.178385:ERROR:dbus/bus.cc:405] Failed to connect to the bus: Could not parse server address: Unknown address type (examples of valid types are "tcp" and on UNIX "unix")

DevTools listening on ws://127.0.0.1:42303/devtools/browser/da4b4e55-c698-40a2-997e-4843ae5bfaa2
[28973:28973:1007/085614.183478:ERROR:dbus/object_proxy.cc:572] Failed to call method: org.freedesktop.DBus.NameHasOwner: object_path= /org/freedesktop/DBus: unknown error type: 
[28973:28973:1007/085614.186941:ERROR:dbus/object_proxy.cc:572] Failed to call method: org.freedesktop.DBus.NameHasOwner: object_path= /org/freedesktop/DBus: unknown error type: 
[28973:28973:1007/085614.189112:ERROR:dbus/object_proxy.cc:572] Failed to call method: org.freedesktop.DBus.NameHasOwner: object_path= /org/freedesktop/DBus: unknown error type: 
[28973:29001:1007/085614.189128:ERROR:dbus/bus.cc:405] Failed to connect to the bus: Failed to connect to socket /run/dbus/system_bus_socket: No such file or directory
[28973:29001:1007/085614.189159:ERROR:dbus/bus.cc:405] Failed to connect to the bus: Failed to connect to socket /run/dbus/system_bus_socket: No such file or directory
[28973:28973:1007/085614.189337:ERROR:dbus/object_proxy.cc:572] Failed to call method: org.freedesktop.DBus.NameHasOwner: object_path= /org/freedesktop/DBus: unknown error type: 
[28973:29001:1007/085614.189788:ERROR:dbus/bus.cc:405] Failed to connect to the bus: Could not parse server address: Unknown address type (examples of valid types are "tcp" and on UNIX "unix")
[28973:29012:1007/085614.234469:ERROR:content/browser/zygote_host/zygote_host_impl_linux.cc:279] Failed to adjust OOM score of renderer with pid 29062: Read-only file system (30)
[28973:29012:1007/085614.262223:ERROR:content/browser/zygote_host/zygote_host_impl_linux.cc:279] Failed to adjust OOM score of renderer with pid 29071: Read-only file system (30)
[28973:29012:1007/085614.280006:ERROR:content/browser/zygote_host/zygote_host_impl_linux.cc:279] Failed to adjust OOM score of renderer with pid 29078: Read-only file system (30)
[28973:28973:1007/085614.294563:ERROR:dbus/object_proxy.cc:572] Failed to call method: org.freedesktop.DBus.Properties.GetAll: object_path= /org/freedesktop/UPower/devices/DisplayDevice: unknown error type: 
[28973:28973:1007/085614.295092:ERROR:dbus/object_proxy.cc:572] Failed to call method: org.freedesktop.DBus.NameHasOwner: object_path= /org/freedesktop/DBus: unknown error type: 
[28973:29001:1007/085614.296076:ERROR:dbus/bus.cc:405] Failed to connect to the bus: Could not parse server address: Unknown address type (examples of valid types are "tcp" and on UNIX "unix")
[28973:28973:1007/085614.308564:ERROR:dbus/object_proxy.cc:572] Failed to call method: org.freedesktop.DBus.NameHasOwner: object_path= /org/freedesktop/DBus: unknown error type: 
[28973:29001:1007/085614.308841:ERROR:dbus/bus.cc:405] Failed to connect to the bus: Could not parse server address: Unknown address type (examples of valid types are "tcp" and on UNIX "unix")
[28973:28973:1007/085614.320572:ERROR:dbus/object_proxy.cc:572] Failed to call method: org.freedesktop.DBus.NameHasOwner: object_path= /org/freedesktop/DBus: unknown error type: 
Error: Timed out
    at until (/workspace/Tuldok/tests/browser_text_classification_proposals.cjs:10:118)
    at async start (/workspace/Tuldok/tests/browser_text_classification_proposals.cjs:49:239)
    at async /workspace/Tuldok/tests/browser_text_classification_proposals.cjs:63:3
Runtime errors: []
Page diagnostics: {"url":"http://127.0.0.1:45571/workbench#selection=3029adf4cf514bc08be7144fe5ebea18","ready":"complete","notice":"Record loaded.","classificationStatus":"Classification requested. Current annotations remain unchanged.","classificationModels":1,"scriptType":"function","body":"← Corner studio\nDataset workbench\n\nReal assets, explicit targets, reproducible releases.\n\nDevelopment workspace\n\nRecord loaded.\n\nCollection\nSearch\nType\nAll assets\nText\nTask\nAll tasks\nImage detection\nImage classification\nImage caption\nText classification\nText entities\nReview\nAll states\nDraft\nHuman reviewed\nProgrammatically verified\nSort\nNewest\nOldest\nName\nReview\nExact filter entry\nPlain text\nJSON strings · preserves line breaks\nTarget label (exact)\nProtected source/group (exact)\nRights note (exact)\n\nExact, case-sensitive values; leave blank for any. For values with line breaks, choose JSON strings and enter double-quoted values: \"first\\nsecond\" for LF, \\r for CR and \\r\\n for CRLF. Escape literal backslashes as \\\\ and quotes as \\\". Groups match IDs stored on the record, not all related sources. Rights notes are metadata, not permission decisions. Missing notes appear as unknown. Filtered results are dynamic; saved fixed membership and release selection stay separate.\n\nSearch collection\n\n3 records · 3 unlabeled · 3 protected groups · 0 exact duplicates · 0 unknown rights. Labels: none. Exact matching only; balance is not coverage.\n\nSelect page\nClear selection\nSaved fixed selections\n\nSave the chosen records at their exact revisions. Searches and filters stay separate; saving or opening never approves annotations.\n\nSelection name\nSave selected records as a new set\nSaved set\nChoose a saved selection\nFixed text set · 2 fixed records\nOpen fixed selection\nRefresh saved sets\nNew name\nR","viewport":1400,"documentWidth":1385,"overflow":[]}
