Collecting Pillow==12.3.0
  Downloading pillow-12.3.0-cp312-cp312-manylinux_2_27_x86_64.manylinux_2_28_x86_64.whl.metadata (9.1 kB)
Collecting accelerate==1.10.1 (from -r tests/instruction-consumer-requirements.txt (line 3))
  Downloading accelerate-1.10.1-py3-none-any.whl.metadata (19 kB)
Collecting aiohappyeyeballs==2.7.1 (from -r tests/instruction-consumer-requirements.txt (line 4))
  Downloading aiohappyeyeballs-2.7.1-py3-none-any.whl.metadata (5.9 kB)
Collecting aiohttp==3.14.4 (from -r tests/instruction-consumer-requirements.txt (line 5))
  Downloading aiohttp-3.14.4-cp312-cp312-manylinux2014_x86_64.manylinux_2_17_x86_64.manylinux_2_28_x86_64.whl.metadata (8.3 kB)
Collecting aiosignal==1.4.0 (from -r tests/instruction-consumer-requirements.txt (line 6))
  Downloading aiosignal-1.4.0-py3-none-any.whl.metadata (3.7 kB)
Collecting attrs==26.1.0 (from -r tests/instruction-consumer-requirements.txt (line 7))
  Downloading attrs-26.1.0-py3-none-any.whl.metadata (8.8 kB)
Collecting certifi==2026.7.22 (from -r tests/instruction-consumer-requirements.txt (line 8))
  Downloading certifi-2026.7.22-py3-none-any.whl.metadata (2.5 kB)
Collecting charset-normalizer==3.5.2 (from -r tests/instruction-consumer-requirements.txt (line 9))
  Downloading charset_normalizer-3.5.2-cp312-cp312-manylinux2014_x86_64.manylinux_2_17_x86_64.manylinux_2_28_x86_64.whl.metadata (46 kB)
Collecting datasets==4.1.1 (from -r tests/instruction-consumer-requirements.txt (line 10))
  Downloading datasets-4.1.1-py3-none-any.whl.metadata (18 kB)
Collecting dill==0.4.0 (from -r tests/instruction-consumer-requirements.txt (line 11))
  Downloading dill-0.4.0-py3-none-any.whl.metadata (10 kB)
Requirement already satisfied: filelock==3.32.3 in /workspace/scratch/tuldok-instruction-consumer/lib/python3.12/site-packages (from -r tests/instruction-consumer-requirements.txt (line 12)) (3.32.3)
Collecting frozenlist==1.8.0 (from -r tests/instruction-consumer-requirements.txt (line 13))
  Downloading frozenlist-1.8.0-cp312-cp312-manylinux1_x86_64.manylinux_2_28_x86_64.manylinux_2_5_x86_64.whl.metadata (20 kB)
Collecting fsspec==2025.9.0 (from -r tests/instruction-consumer-requirements.txt (line 14))
  Downloading fsspec-2025.9.0-py3-none-any.whl.metadata (10 kB)
Collecting hf-xet==1.7.0 (from -r tests/instruction-consumer-requirements.txt (line 15))
  Downloading hf_xet-1.7.0-cp38-abi3-manylinux2014_x86_64.manylinux_2_17_x86_64.whl.metadata (4.9 kB)
Collecting huggingface_hub==0.36.2 (from -r tests/instruction-consumer-requirements.txt (line 16))
  Downloading huggingface_hub-0.36.2-py3-none-any.whl.metadata (15 kB)
Collecting idna==3.20 (from -r tests/instruction-consumer-requirements.txt (line 17))
  Downloading idna-3.20-py3-none-any.whl.metadata (7.2 kB)
Requirement already satisfied: Jinja2==3.1.6 in /workspace/scratch/tuldok-instruction-consumer/lib/python3.12/site-packages (from -r tests/instruction-consumer-requirements.txt (line 18)) (3.1.6)
Requirement already satisfied: MarkupSafe==3.0.3 in /workspace/scratch/tuldok-instruction-consumer/lib/python3.12/site-packages (from -r tests/instruction-consumer-requirements.txt (line 19)) (3.0.3)
Requirement already satisfied: mpmath==1.3.0 in /workspace/scratch/tuldok-instruction-consumer/lib/python3.12/site-packages (from -r tests/instruction-consumer-requirements.txt (line 20)) (1.3.0)
Collecting multidict==6.9.1 (from -r tests/instruction-consumer-requirements.txt (line 21))
  Downloading multidict-6.9.1-cp312-cp312-manylinux2014_x86_64.manylinux_2_17_x86_64.manylinux_2_28_x86_64.whl.metadata (5.3 kB)
Collecting multiprocess==0.70.16 (from -r tests/instruction-consumer-requirements.txt (line 22))
  Downloading multiprocess-0.70.16-py312-none-any.whl.metadata (7.2 kB)
Requirement already satisfied: networkx==3.6.1 in /workspace/scratch/tuldok-instruction-consumer/lib/python3.12/site-packages (from -r tests/instruction-consumer-requirements.txt (line 23)) (3.6.1)
Collecting numpy==2.5.3 (from -r tests/instruction-consumer-requirements.txt (line 24))
  Downloading numpy-2.5.3-cp312-cp312-manylinux_2_27_x86_64.manylinux_2_28_x86_64.whl.metadata (6.6 kB)
Collecting packaging==26.3 (from -r tests/instruction-consumer-requirements.txt (line 25))
  Downloading packaging-26.3-py3-none-any.whl.metadata (3.5 kB)
Collecting pandas==3.0.6 (from -r tests/instruction-consumer-requirements.txt (line 26))
  Downloading pandas-3.0.6-cp312-cp312-manylinux_2_24_x86_64.manylinux_2_28_x86_64.whl.metadata (79 kB)
Collecting propcache==0.5.4 (from -r tests/instruction-consumer-requirements.txt (line 27))
  Downloading propcache-0.5.4-cp312-cp312-manylinux2014_x86_64.manylinux_2_17_x86_64.manylinux_2_28_x86_64.whl.metadata (25 kB)
Collecting psutil==7.2.2 (from -r tests/instruction-consumer-requirements.txt (line 28))
  Downloading psutil-7.2.2-cp36-abi3-manylinux2010_x86_64.manylinux_2_12_x86_64.manylinux_2_28_x86_64.whl.metadata (22 kB)
Collecting pyarrow==25.0.1 (from -r tests/instruction-consumer-requirements.txt (line 29))
  Downloading pyarrow-25.0.1-cp312-cp312-manylinux_2_28_x86_64.whl.metadata (3.0 kB)
Collecting python-dateutil==2.9.0.post0 (from -r tests/instruction-consumer-requirements.txt (line 30))
  Downloading python_dateutil-2.9.0.post0-py2.py3-none-any.whl.metadata (8.4 kB)
Collecting PyYAML==6.0.3 (from -r tests/instruction-consumer-requirements.txt (line 31))
  Downloading pyyaml-6.0.3-cp312-cp312-manylinux2014_x86_64.manylinux_2_17_x86_64.manylinux_2_28_x86_64.whl.metadata (2.4 kB)
Collecting regex==2026.9.29 (from -r tests/instruction-consumer-requirements.txt (line 32))
  Downloading regex-2026.9.29-cp312-cp312-manylinux2014_x86_64.manylinux_2_17_x86_64.manylinux_2_28_x86_64.whl.metadata (40 kB)
Collecting requests==2.34.2 (from -r tests/instruction-consumer-requirements.txt (line 33))
  Downloading requests-2.34.2-py3-none-any.whl.metadata (4.8 kB)
Collecting safetensors==0.8.0 (from -r tests/instruction-consumer-requirements.txt (line 34))
  Downloading safetensors-0.8.0-cp310-abi3-manylinux_2_17_x86_64.manylinux2014_x86_64.whl.metadata (4.2 kB)
Requirement already satisfied: setuptools==78.1.0 in /workspace/scratch/tuldok-instruction-consumer/lib/python3.12/site-packages (from -r tests/instruction-consumer-requirements.txt (line 35)) (78.1.0)
Collecting six==1.17.0 (from -r tests/instruction-consumer-requirements.txt (line 36))
  Downloading six-1.17.0-py2.py3-none-any.whl.metadata (1.7 kB)
Requirement already satisfied: sympy==1.14.0 in /workspace/scratch/tuldok-instruction-consumer/lib/python3.12/site-packages (from -r tests/instruction-consumer-requirements.txt (line 37)) (1.14.0)
Collecting tokenizers==0.22.1 (from -r tests/instruction-consumer-requirements.txt (line 38))
  Downloading tokenizers-0.22.1-cp39-abi3-manylinux_2_17_x86_64.manylinux2014_x86_64.whl.metadata (6.8 kB)
Requirement already satisfied: torch==2.8.0+cpu in /workspace/scratch/tuldok-instruction-consumer/lib/python3.12/site-packages (from -r tests/instruction-consumer-requirements.txt (line 39)) (2.8.0+cpu)
Collecting tqdm==4.70.1 (from -r tests/instruction-consumer-requirements.txt (line 40))
  Downloading tqdm-4.70.1-py3-none-any.whl.metadata (57 kB)
Collecting transformers==4.56.2 (from -r tests/instruction-consumer-requirements.txt (line 41))
  Downloading transformers-4.56.2-py3-none-any.whl.metadata (40 kB)
Collecting trl==0.23.1 (from -r tests/instruction-consumer-requirements.txt (line 42))
  Downloading trl-0.23.1-py3-none-any.whl.metadata (11 kB)
Requirement already satisfied: typing_extensions==4.16.0 in /workspace/scratch/tuldok-instruction-consumer/lib/python3.12/site-packages (from -r tests/instruction-consumer-requirements.txt (line 43)) (4.16.0)
Collecting urllib3==2.8.0 (from -r tests/instruction-consumer-requirements.txt (line 44))
  Downloading urllib3-2.8.0-py3-none-any.whl.metadata (7.4 kB)
Collecting xxhash==4.0.1 (from -r tests/instruction-consumer-requirements.txt (line 45))
  Downloading xxhash-4.0.1-cp312-cp312-manylinux2014_x86_64.manylinux_2_17_x86_64.manylinux_2_28_x86_64.whl.metadata (17 kB)
Collecting yarl==1.25.1 (from -r tests/instruction-consumer-requirements.txt (line 46))
  Downloading yarl-1.25.1-cp312-cp312-manylinux2014_x86_64.manylinux_2_17_x86_64.manylinux_2_28_x86_64.whl.metadata (111 kB)
Downloading pillow-12.3.0-cp312-cp312-manylinux_2_27_x86_64.manylinux_2_28_x86_64.whl (6.9 MB)
   ━━━━━━━━━━━━━━━━━━━━━━━━━━━━━━━━━━━━━━━━ 6.9/6.9 MB 13.9 MB/s eta 0:00:00
Downloading accelerate-1.10.1-py3-none-any.whl (374 kB)
Downloading aiohappyeyeballs-2.7.1-py3-none-any.whl (15 kB)
Downloading aiohttp-3.14.4-cp312-cp312-manylinux2014_x86_64.manylinux_2_17_x86_64.manylinux_2_28_x86_64.whl (1.9 MB)
   ━━━━━━━━━━━━━━━━━━━━━━━━━━━━━━━━━━━━━━━━ 1.9/1.9 MB 20.0 MB/s eta 0:00:00
Downloading aiosignal-1.4.0-py3-none-any.whl (7.5 kB)
Downloading attrs-26.1.0-py3-none-any.whl (67 kB)
Downloading certifi-2026.7.22-py3-none-any.whl (136 kB)
Downloading charset_normalizer-3.5.2-cp312-cp312-manylinux2014_x86_64.manylinux_2_17_x86_64.manylinux_2_28_x86_64.whl (257 kB)
Downloading datasets-4.1.1-py3-none-any.whl (503 kB)
Downloading dill-0.4.0-py3-none-any.whl (119 kB)
Downloading frozenlist-1.8.0-cp312-cp312-manylinux1_x86_64.manylinux_2_28_x86_64.manylinux_2_5_x86_64.whl (242 kB)
Downloading fsspec-2025.9.0-py3-none-any.whl (199 kB)
Downloading hf_xet-1.7.0-cp38-abi3-manylinux2014_x86_64.manylinux_2_17_x86_64.whl (4.2 MB)
   ━━━━━━━━━━━━━━━━━━━━━━━━━━━━━━━━━━━━━━━━ 4.2/4.2 MB 15.7 MB/s eta 0:00:00
Downloading huggingface_hub-0.36.2-py3-none-any.whl (566 kB)
   ━━━━━━━━━━━━━━━━━━━━━━━━━━━━━━━━━━━━━━━━ 566.4/566.4 kB 9.3 MB/s eta 0:00:00
Downloading idna-3.20-py3-none-any.whl (69 kB)
Downloading multidict-6.9.1-cp312-cp312-manylinux2014_x86_64.manylinux_2_17_x86_64.manylinux_2_28_x86_64.whl (336 kB)
Downloading multiprocess-0.70.16-py312-none-any.whl (146 kB)
Downloading numpy-2.5.3-cp312-cp312-manylinux_2_27_x86_64.manylinux_2_28_x86_64.whl (16.7 MB)
   ━━━━━━━━━━━━━━━━━━━━━━━━━━━━━━━━━━━━━━━━ 16.7/16.7 MB 19.6 MB/s eta 0:00:00
Downloading packaging-26.3-py3-none-any.whl (129 kB)
Downloading pandas-3.0.6-cp312-cp312-manylinux_2_24_x86_64.manylinux_2_28_x86_64.whl (10.8 MB)
   ━━━━━━━━━━━━━━━━━━━━━━━━━━━━━━━━━━━━━━━━ 10.8/10.8 MB 15.9 MB/s eta 0:00:00
Downloading propcache-0.5.4-cp312-cp312-manylinux2014_x86_64.manylinux_2_17_x86_64.manylinux_2_28_x86_64.whl (250 kB)
Downloading psutil-7.2.2-cp36-abi3-manylinux2010_x86_64.manylinux_2_12_x86_64.manylinux_2_28_x86_64.whl (155 kB)
Downloading pyarrow-25.0.1-cp312-cp312-manylinux_2_28_x86_64.whl (50.1 MB)
   ━━━━━━━━━━━━━━━━━━━━━━━━━━━━━━━━━━━━━━━━ 50.1/50.1 MB 22.2 MB/s eta 0:00:00
Downloading python_dateutil-2.9.0.post0-py2.py3-none-any.whl (229 kB)
Downloading pyyaml-6.0.3-cp312-cp312-manylinux2014_x86_64.manylinux_2_17_x86_64.manylinux_2_28_x86_64.whl (807 kB)
   ━━━━━━━━━━━━━━━━━━━━━━━━━━━━━━━━━━━━━━━ 807.9/807.9 kB 139.7 MB/s eta 0:00:00
Downloading regex-2026.9.29-cp312-cp312-manylinux2014_x86_64.manylinux_2_17_x86_64.manylinux_2_28_x86_64.whl (807 kB)
   ━━━━━━━━━━━━━━━━━━━━━━━━━━━━━━━━━━━━━━━━ 807.8/807.8 kB 71.1 MB/s eta 0:00:00
Downloading requests-2.34.2-py3-none-any.whl (73 kB)
Downloading safetensors-0.8.0-cp310-abi3-manylinux_2_17_x86_64.manylinux2014_x86_64.whl (516 kB)
Downloading six-1.17.0-py2.py3-none-any.whl (11 kB)
Downloading tokenizers-0.22.1-cp39-abi3-manylinux_2_17_x86_64.manylinux2014_x86_64.whl (3.3 MB)
   ━━━━━━━━━━━━━━━━━━━━━━━━━━━━━━━━━━━━━━━━ 3.3/3.3 MB 25.0 MB/s eta 0:00:00
Downloading tqdm-4.70.1-py3-none-any.whl (80 kB)
Downloading transformers-4.56.2-py3-none-any.whl (11.6 MB)
   ━━━━━━━━━━━━━━━━━━━━━━━━━━━━━━━━━━━━━━━━ 11.6/11.6 MB 23.2 MB/s eta 0:00:00
Downloading trl-0.23.1-py3-none-any.whl (564 kB)
   ━━━━━━━━━━━━━━━━━━━━━━━━━━━━━━━━━━━━━━━━ 564.6/564.6 kB 74.5 MB/s eta 0:00:00
Downloading urllib3-2.8.0-py3-none-any.whl (135 kB)
Downloading xxhash-4.0.1-cp312-cp312-manylinux2014_x86_64.manylinux_2_17_x86_64.manylinux_2_28_x86_64.whl (261 kB)
Downloading yarl-1.25.1-cp312-cp312-manylinux2014_x86_64.manylinux_2_17_x86_64.manylinux_2_28_x86_64.whl (117 kB)
Installing collected packages: xxhash, urllib3, tqdm, six, safetensors, regex, PyYAML, pyarrow, psutil, propcache, Pillow, packaging, numpy, multidict, idna, hf-xet, fsspec, frozenlist, dill, charset-normalizer, certifi, attrs, aiohappyeyeballs, yarl, requests, python-dateutil, multiprocess, aiosignal, pandas, huggingface_hub, aiohttp, tokenizers, accelerate, transformers, datasets, trl
  Attempting uninstall: fsspec
    Found existing installation: fsspec 2026.7.0
    Uninstalling fsspec-2026.7.0:
      Successfully uninstalled fsspec-2026.7.0
Successfully installed Pillow-12.3.0 PyYAML-6.0.3 accelerate-1.10.1 aiohappyeyeballs-2.7.1 aiohttp-3.14.4 aiosignal-1.4.0 attrs-26.1.0 certifi-2026.7.22 charset-normalizer-3.5.2 datasets-4.1.1 dill-0.4.0 frozenlist-1.8.0 fsspec-2025.9.0 hf-xet-1.7.0 huggingface_hub-0.36.2 idna-3.20 multidict-6.9.1 multiprocess-0.70.16 numpy-2.5.3 packaging-26.3 pandas-3.0.6 propcache-0.5.4 psutil-7.2.2 pyarrow-25.0.1 python-dateutil-2.9.0.post0 regex-2026.9.29 requests-2.34.2 safetensors-0.8.0 six-1.17.0 tokenizers-0.22.1 tqdm-4.70.1 transformers-4.56.2 trl-0.23.1 urllib3-2.8.0 xxhash-4.0.1 yarl-1.25.1

[notice] A new release of pip is available: 25.0.1 -> 26.2.1
[notice] To update, run: python -m pip install --upgrade pip
