PASS native shared authority prevents changed intent despite two stale empty LS caches
PASS native shared authority reuses exact ID for concurrent unchanged explicit intents
PASS missing IndexedDB blocks all admission transport
PASS IndexedDB open failure blocks all admission transport
PASS aborted native authority put cannot send precommit POST
PASS native put success followed by transaction abort leaves no mirror and exact retry works
PASS native authority read failure refuses claim without overwriting evidence
Native request errors [{"name":"ConstraintError","defaultPrevented":false,"phase":"request"},{"name":"ConstraintError","defaultPrevented":true,"phase":"transaction"}]
PASS real asynchronous put ConstraintError aborts despite preventDefault and exact retry works
Native request errors [{"name":"ConstraintError","defaultPrevented":false,"phase":"request"},{"name":"ConstraintError","defaultPrevented":true,"phase":"transaction"},{"name":"ConstraintError","defaultPrevented":true,"phase":"transaction"},{"name":"ConstraintError","defaultPrevented":true,"phase":"transaction"},{"name":"AbortError","defaultPrevented":false,"phase":"request"},{"name":"AbortError","defaultPrevented":true,"phase":"transaction"},{"name":"AbortError","defaultPrevented":true,"phase":"transaction"},{"name":"AbortError","defaultPrevented":true,"phase":"transaction"},{"name":"AbortError","defaultPrevented":false,"phase":"request"},{"name":"AbortError","defaultPrevented":true,"phase":"transaction"},{"name":"AbortError","defaultPrevented":true,"phase":"transaction"},{"name":"AbortError","defaultPrevented":true,"phase":"transaction"}]
PASS real asynchronous request error returned as get aborts without POST
Native request errors [{"name":"ConstraintError","defaultPrevented":false,"phase":"request"},{"name":"ConstraintError","defaultPrevented":true,"phase":"transaction"},{"name":"AbortError","defaultPrevented":true,"phase":"transaction"}]
PASS real asynchronous delete ConstraintError preserves pending and mirror until successful clear
PASS stale receipt clear cannot erase successor in native authority
PASS canonical legacy migration retains exact body without automatic transport
PASS conflicting legacy frames remain global blockers without choosing another ID
PASS malformed legacy blocker persists globally despite stale null mirror
PASS oversized legacy blocker persists globally despite stale null mirror
PASS duplicate-ID legacy blocker persists globally despite stale null mirror
PASS unique malformed legacy resolves only through exact known-ID receipt
PASS mismatched-bounded-ID native metadata fails closed without unrelated GET or deletion
PASS forged-opaque-ID native metadata fails closed without unrelated GET or deletion
PASS forged-duplicate-ID native metadata fails closed without unrelated GET or deletion
PASS invalid-retirement-raw native marker cannot retire unknown mirror
PASS oversized-retirement-raw native marker cannot retire unknown mirror
PASS duplicate-retirement-raw native marker cannot retire unknown mirror
{"passed":23}
