{
  "sourceStart": {
    "head": "6aba384a90246aa2c9d344997561154710178586",
    "sha256": "b097b17e815623153ee33ba770098b6c1eee903d62215652772633f6322711cb"
  },
  "failedEditorRetained": true,
  "beforeBusy": false,
  "afterEditor": {
    "id": "dddddddddddddddddddddddddddddddd",
    "revision": 1,
    "prompt_id": "aaaaaaaaaaaaaaaaaaaaaaaaaaaaaaaa",
    "parent_revision": 1,
    "source_revision": 1,
    "left_id": "bbbbbbbbbbbbbbbbbbbbbbbbbbbbbbbb",
    "left_revision": 1,
    "right_id": "cccccccccccccccccccccccccccccccc",
    "right_revision": 1,
    "outcome": "left",
    "rationale": "Exact judged preference",
    "review": "draft",
    "stale_warning": null
  },
  "findings": []
}
