[177183:177210:1007/091007.258115:ERROR:dbus/bus.cc:405] Failed to connect to the bus: Failed to connect to socket /run/dbus/system_bus_socket: No such file or directory
[177183:177210:1007/091007.261741:ERROR:dbus/bus.cc:405] Failed to connect to the bus: Could not parse server address: Unknown address type (examples of valid types are "tcp" and on UNIX "unix")
[177183:177210:1007/091007.261841:ERROR:dbus/bus.cc:405] Failed to connect to the bus: Failed to connect to socket /run/dbus/system_bus_socket: No such file or directory
[177183:177210:1007/091007.261959:ERROR:dbus/bus.cc:405] Failed to connect to the bus: Failed to connect to socket /run/dbus/system_bus_socket: No such file or directory
[177183:177210:1007/091007.261968:ERROR:dbus/bus.cc:405] Failed to connect to the bus: Could not parse server address: Unknown address type (examples of valid types are "tcp" and on UNIX "unix")
[177183:177223:1007/091007.265322:ERROR:content/browser/zygote_host/zygote_host_impl_linux.cc:279] Failed to adjust OOM score of renderer with pid 177225: Read-only file system (30)
[177183:177210:1007/091007.568382:ERROR:dbus/bus.cc:405] Failed to connect to the bus: Could not parse server address: Unknown address type (examples of valid types are "tcp" and on UNIX "unix")
[177183:177210:1007/091007.596604:ERROR:dbus/bus.cc:405] Failed to connect to the bus: Could not parse server address: Unknown address type (examples of valid types are "tcp" and on UNIX "unix")
[177183:177223:1007/091007.599170:ERROR:content/browser/zygote_host/zygote_host_impl_linux.cc:279] Failed to adjust OOM score of renderer with pid 177241: Read-only file system (30)
[177183:177183:1007/091007.612225:ERROR:dbus/object_proxy.cc:572] Failed to call method: org.freedesktop.DBus.NameHasOwner: object_path= /org/freedesktop/DBus: unknown error type: 
[177183:177183:1007/091007.612292:ERROR:dbus/object_proxy.cc:572] Failed to call method: org.freedesktop.DBus.NameHasOwner: object_path= /org/freedesktop/DBus: unknown error type: 
[177183:177210:1007/091007.612317:ERROR:dbus/bus.cc:405] Failed to connect to the bus: Could not parse server address: Unknown address type (examples of valid types are "tcp" and on UNIX "unix")
[177183:177210:1007/091007.612329:ERROR:dbus/bus.cc:405] Failed to connect to the bus: Could not parse server address: Unknown address type (examples of valid types are "tcp" and on UNIX "unix")

DevTools listening on ws://127.0.0.1:46873/devtools/browser/70d1dae2-35a4-4c0f-ba5e-b443948d8b82
[177183:177183:1007/091007.621727:ERROR:dbus/object_proxy.cc:572] Failed to call method: org.freedesktop.DBus.NameHasOwner: object_path= /org/freedesktop/DBus: unknown error type: 
[177183:177183:1007/091007.624393:ERROR:dbus/object_proxy.cc:572] Failed to call method: org.freedesktop.DBus.NameHasOwner: object_path= /org/freedesktop/DBus: unknown error type: 
[177183:177183:1007/091007.625954:ERROR:dbus/object_proxy.cc:572] Failed to call method: org.freedesktop.DBus.NameHasOwner: object_path= /org/freedesktop/DBus: unknown error type: 
[177183:177183:1007/091007.626114:ERROR:dbus/object_proxy.cc:572] Failed to call method: org.freedesktop.DBus.NameHasOwner: object_path= /org/freedesktop/DBus: unknown error type: 
[177183:177210:1007/091007.625988:ERROR:dbus/bus.cc:405] Failed to connect to the bus: Failed to connect to socket /run/dbus/system_bus_socket: No such file or directory
[177183:177210:1007/091007.626157:ERROR:dbus/bus.cc:405] Failed to connect to the bus: Failed to connect to socket /run/dbus/system_bus_socket: No such file or directory
[177183:177210:1007/091007.626168:ERROR:dbus/bus.cc:405] Failed to connect to the bus: Could not parse server address: Unknown address type (examples of valid types are "tcp" and on UNIX "unix")
[177183:177223:1007/091007.652995:ERROR:content/browser/zygote_host/zygote_host_impl_linux.cc:279] Failed to adjust OOM score of renderer with pid 177271: Read-only file system (30)
[177183:177223:1007/091007.672693:ERROR:content/browser/zygote_host/zygote_host_impl_linux.cc:279] Failed to adjust OOM score of renderer with pid 177280: Read-only file system (30)
[177183:177223:1007/091007.675170:ERROR:content/browser/zygote_host/zygote_host_impl_linux.cc:279] Failed to adjust OOM score of renderer with pid 177281: Read-only file system (30)
[177183:177183:1007/091007.709360:ERROR:dbus/object_proxy.cc:572] Failed to call method: org.freedesktop.DBus.Properties.GetAll: object_path= /org/freedesktop/UPower/devices/DisplayDevice: unknown error type: 
[177183:177183:1007/091007.709385:ERROR:dbus/object_proxy.cc:572] Failed to call method: org.freedesktop.DBus.NameHasOwner: object_path= /org/freedesktop/DBus: unknown error type: 
[177183:177210:1007/091007.709648:ERROR:dbus/bus.cc:405] Failed to connect to the bus: Could not parse server address: Unknown address type (examples of valid types are "tcp" and on UNIX "unix")
[177183:177183:1007/091007.738704:ERROR:dbus/object_proxy.cc:572] Failed to call method: org.freedesktop.DBus.NameHasOwner: object_path= /org/freedesktop/DBus: unknown error type: 
[177183:177210:1007/091007.738778:ERROR:dbus/bus.cc:405] Failed to connect to the bus: Could not parse server address: Unknown address type (examples of valid types are "tcp" and on UNIX "unix")
[177183:177183:1007/091007.745641:ERROR:dbus/object_proxy.cc:572] Failed to call method: org.freedesktop.DBus.NameHasOwner: object_path= /org/freedesktop/DBus: unknown error type: 
Original single-line defect, API positive controls: [{"stored":[108,101,102,116,10,114,105,103,104,116],"input":[108,101,102,116,114,105,103,104,116],"exact":1,"sanitized":0},{"stored":[108,101,102,116,13,114,105,103,104,116],"input":[108,101,102,116,114,105,103,104,116],"exact":1,"sanitized":0},{"stored":[108,101,102,116,13,10,114,105,103,104,116],"input":[108,101,102,116,114,105,103,104,116],"exact":1,"sanitized":0}]
Surrogate entry: {"field":"label","codeUnits":[55296],"submitted":[],"total":1}
Surrogate entry: {"field":"label","codeUnits":[57343],"submitted":[],"total":1}
Surrogate entry: {"field":"label","codeUnits":[97,55296,98],"submitted":[],"total":1}
Surrogate entry: {"field":"label","codeUnits":[55296,55296],"submitted":[],"total":1}
Surrogate entry: {"field":"label","codeUnits":[56320,55296],"submitted":[],"total":1}
Surrogate entry: {"field":"group","codeUnits":[55296],"submitted":[],"total":1}
Surrogate entry: {"field":"group","codeUnits":[57343],"submitted":[],"total":1}
Surrogate entry: {"field":"group","codeUnits":[97,55296,98],"submitted":[],"total":1}
Surrogate entry: {"field":"group","codeUnits":[55296,55296],"submitted":[],"total":1}
Surrogate entry: {"field":"group","codeUnits":[56320,55296],"submitted":[],"total":1}
Surrogate entry: {"field":"rights","codeUnits":[55296],"submitted":[],"total":1}
Surrogate entry: {"field":"rights","codeUnits":[57343],"submitted":[],"total":1}
Surrogate entry: {"field":"rights","codeUnits":[97,55296,98],"submitted":[],"total":1}
Surrogate entry: {"field":"rights","codeUnits":[55296,55296],"submitted":[],"total":1}
Surrogate entry: {"field":"rights","codeUnits":[56320,55296],"submitted":[],"total":1}
Exact label/group/rights filters, lossless LF/CR/CRLF JSON entry and submitted codepoints, unknown retained notes, keyboard search, combined criteria, pagination, dynamic results/fixed pairs, preview/export, error recovery and narrow layout passed.
