PASS validated Save/Delete each advance one epoch; invalid/refused/cancelled/repeated-busy operations do not advance
PASS new Save epoch retains later input and Reject leaves independent preference/editor epochs untouched
AssertionError [ERR_ASSERTION]: Values have same structure but are not reference-equal:

{
  id: 'dddddddddddddddddddddddddddddddd',
  left_id: 'bbbbbbbbbbbbbbbbbbbbbbbbbbbbbbbb',
  left_revision: 1,
  outcome: 'left',
  parent_revision: 1,
  prompt_id: 'aaaaaaaaaaaaaaaaaaaaaaaaaaaaaaaa',
  rationale: 'Exact judged preference',
  review: 'human_reviewed',
  revision: 1,
  right_id: 'cccccccccccccccccccccccccccccccc',
  right_revision: 1,
  source_revision: 1
}

    at settledNoopBeforeAck (/workspace/scratch/tuldok-classification-judgment-busy-repair/review-interactions/save-epoch-boundaries.cjs:6:331)
    at async /workspace/scratch/tuldok-classification-judgment-busy-repair/review-interactions/save-epoch-boundaries.cjs:8:66 {
  generatedMessage: true,
  code: 'ERR_ASSERTION',
  actual: [Object],
  expected: [Object],
  operator: 'deepStrictEqual',
  diff: 'simple'
}
