[116644:116672:1007/052951.746895:ERROR:dbus/bus.cc:405] Failed to connect to the bus: Failed to connect to socket /run/dbus/system_bus_socket: No such file or directory
[116644:116672:1007/052951.750205:ERROR:dbus/bus.cc:405] Failed to connect to the bus: Could not parse server address: Unknown address type (examples of valid types are "tcp" and on UNIX "unix")
[116644:116672:1007/052951.750243:ERROR:dbus/bus.cc:405] Failed to connect to the bus: Failed to connect to socket /run/dbus/system_bus_socket: No such file or directory
[116644:116672:1007/052951.750257:ERROR:dbus/bus.cc:405] Failed to connect to the bus: Failed to connect to socket /run/dbus/system_bus_socket: No such file or directory
[116644:116672:1007/052951.750262:ERROR:dbus/bus.cc:405] Failed to connect to the bus: Could not parse server address: Unknown address type (examples of valid types are "tcp" and on UNIX "unix")
[116644:116684:1007/052951.753836:ERROR:content/browser/zygote_host/zygote_host_impl_linux.cc:279] Failed to adjust OOM score of renderer with pid 116686: Read-only file system (30)
[116644:116672:1007/052952.064904:ERROR:dbus/bus.cc:405] Failed to connect to the bus: Could not parse server address: Unknown address type (examples of valid types are "tcp" and on UNIX "unix")
[116644:116672:1007/052952.103510:ERROR:dbus/bus.cc:405] Failed to connect to the bus: Could not parse server address: Unknown address type (examples of valid types are "tcp" and on UNIX "unix")
[116644:116684:1007/052952.104127:ERROR:content/browser/zygote_host/zygote_host_impl_linux.cc:279] Failed to adjust OOM score of renderer with pid 116702: Read-only file system (30)
[116644:116644:1007/052952.117068:ERROR:dbus/object_proxy.cc:572] Failed to call method: org.freedesktop.DBus.NameHasOwner: object_path= /org/freedesktop/DBus: unknown error type: 
[116644:116644:1007/052952.117133:ERROR:dbus/object_proxy.cc:572] Failed to call method: org.freedesktop.DBus.NameHasOwner: object_path= /org/freedesktop/DBus: unknown error type: 
[116644:116672:1007/052952.117165:ERROR:dbus/bus.cc:405] Failed to connect to the bus: Could not parse server address: Unknown address type (examples of valid types are "tcp" and on UNIX "unix")
[116644:116672:1007/052952.117177:ERROR:dbus/bus.cc:405] Failed to connect to the bus: Could not parse server address: Unknown address type (examples of valid types are "tcp" and on UNIX "unix")

DevTools listening on ws://127.0.0.1:32871/devtools/browser/2f9270c9-2ec4-4d06-b594-ed3644fe03e0
[116644:116644:1007/052952.130044:ERROR:dbus/object_proxy.cc:572] Failed to call method: org.freedesktop.DBus.NameHasOwner: object_path= /org/freedesktop/DBus: unknown error type: 
[116644:116644:1007/052952.133054:ERROR:dbus/object_proxy.cc:572] Failed to call method: org.freedesktop.DBus.NameHasOwner: object_path= /org/freedesktop/DBus: unknown error type: 
[116644:116644:1007/052952.135441:ERROR:dbus/object_proxy.cc:572] Failed to call method: org.freedesktop.DBus.NameHasOwner: object_path= /org/freedesktop/DBus: unknown error type: 
[116644:116672:1007/052952.135542:ERROR:dbus/bus.cc:405] Failed to connect to the bus: Failed to connect to socket /run/dbus/system_bus_socket: No such file or directory
[116644:116672:1007/052952.135558:ERROR:dbus/bus.cc:405] Failed to connect to the bus: Failed to connect to socket /run/dbus/system_bus_socket: No such file or directory
[116644:116644:1007/052952.135606:ERROR:dbus/object_proxy.cc:572] Failed to call method: org.freedesktop.DBus.NameHasOwner: object_path= /org/freedesktop/DBus: unknown error type: 
[116644:116672:1007/052952.135647:ERROR:dbus/bus.cc:405] Failed to connect to the bus: Could not parse server address: Unknown address type (examples of valid types are "tcp" and on UNIX "unix")
[116644:116684:1007/052952.168332:ERROR:content/browser/zygote_host/zygote_host_impl_linux.cc:279] Failed to adjust OOM score of renderer with pid 116733: Read-only file system (30)
[116644:116684:1007/052952.187249:ERROR:content/browser/zygote_host/zygote_host_impl_linux.cc:279] Failed to adjust OOM score of renderer with pid 116742: Read-only file system (30)
[116644:116684:1007/052952.207504:ERROR:content/browser/zygote_host/zygote_host_impl_linux.cc:279] Failed to adjust OOM score of renderer with pid 116751: Read-only file system (30)
[116644:116644:1007/052952.220094:ERROR:dbus/object_proxy.cc:572] Failed to call method: org.freedesktop.DBus.Properties.GetAll: object_path= /org/freedesktop/UPower/devices/DisplayDevice: unknown error type: 
[116644:116644:1007/052952.220152:ERROR:dbus/object_proxy.cc:572] Failed to call method: org.freedesktop.DBus.NameHasOwner: object_path= /org/freedesktop/DBus: unknown error type: 
[116644:116672:1007/052952.220248:ERROR:dbus/bus.cc:405] Failed to connect to the bus: Could not parse server address: Unknown address type (examples of valid types are "tcp" and on UNIX "unix")
[116644:116644:1007/052952.230284:ERROR:dbus/object_proxy.cc:572] Failed to call method: org.freedesktop.DBus.NameHasOwner: object_path= /org/freedesktop/DBus: unknown error type: 
[116644:116672:1007/052952.230370:ERROR:dbus/bus.cc:405] Failed to connect to the bus: Could not parse server address: Unknown address type (examples of valid types are "tcp" and on UNIX "unix")
[116644:116644:1007/052952.239106:ERROR:dbus/object_proxy.cc:572] Failed to call method: org.freedesktop.DBus.NameHasOwner: object_path= /org/freedesktop/DBus: unknown error type: 
Caption import browser targets: [{"type":"page","url":"about:blank"},{"type":"browser_ui","url":"chrome://omnibox-popup.top-chrome/"},{"type":"browser_ui","url":"chrome://omnibox-popup.top-chrome/omnibox_popup_aim.html"}]
Caption import browser version: {"protocolVersion":"1.3","product":"Chrome/151.0.7922.173","revision":"@a96602f30358e9b5d256a0464e7e4d4bec223004","userAgent":"Mozilla/5.0 (X11; Linux x86_64) AppleWebKit/537.36 (KHTML, like Gecko) HeadlessChrome/151.0.0.0 Safari/537.36","jsVersion":"15.1.206.23"}
train: 2 readable RGB-convertible images, captions present
val: 1 readable RGB-convertible images, captions present
test: 1 readable RGB-convertible images, captions present
PASS: 4 records; no exact pixel duplicates or cross-split group leakage
Still inspect crops, near-duplicates, captions, rights and sensitive metadata manually


Native caption browser passed: actual files/HTTP/SQL, partial/missing/ambiguous/damaged rows, draft origin/splits, rollback, stop/read/preparation/in-flight/repeated controls, lost receipt lookup, duplicate immutability, editor/selection, human acceptance, actual ZIP download/pinned consumer, reload and narrow layout.
Later corner-studio HTTP import after the workbench opened: alternate PNG bytes, identical pixels, native HTTP409, lazy metadata/history rollback and no duplicate source directory passed.
