Classification/preferences integration evidence: /workspace/scratch/tuldok-classification-preferences-integration/run-Ib3nUQ
[83695:83722:1007/132304.901489:ERROR:dbus/bus.cc:405] Failed to connect to the bus: Failed to connect to socket /run/dbus/system_bus_socket: No such file or directory
[83695:83722:1007/132304.906066:ERROR:dbus/bus.cc:405] Failed to connect to the bus: Could not parse server address: Unknown address type (examples of valid types are "tcp" and on UNIX "unix")
[83695:83722:1007/132304.906126:ERROR:dbus/bus.cc:405] Failed to connect to the bus: Failed to connect to socket /run/dbus/system_bus_socket: No such file or directory
[83695:83722:1007/132304.906147:ERROR:dbus/bus.cc:405] Failed to connect to the bus: Failed to connect to socket /run/dbus/system_bus_socket: No such file or directory
[83695:83722:1007/132304.906153:ERROR:dbus/bus.cc:405] Failed to connect to the bus: Could not parse server address: Unknown address type (examples of valid types are "tcp" and on UNIX "unix")
[83695:83734:1007/132304.911652:ERROR:content/browser/zygote_host/zygote_host_impl_linux.cc:279] Failed to adjust OOM score of renderer with pid 83736: Read-only file system (30)
[83695:83722:1007/132305.462964:ERROR:dbus/bus.cc:405] Failed to connect to the bus: Could not parse server address: Unknown address type (examples of valid types are "tcp" and on UNIX "unix")
[83695:83722:1007/132305.502528:ERROR:dbus/bus.cc:405] Failed to connect to the bus: Could not parse server address: Unknown address type (examples of valid types are "tcp" and on UNIX "unix")
[83695:83734:1007/132305.514479:ERROR:content/browser/zygote_host/zygote_host_impl_linux.cc:279] Failed to adjust OOM score of renderer with pid 83752: Read-only file system (30)
[83695:83695:1007/132305.531447:ERROR:dbus/object_proxy.cc:572] Failed to call method: org.freedesktop.DBus.NameHasOwner: object_path= /org/freedesktop/DBus: unknown error type: 
[83695:83695:1007/132305.531629:ERROR:dbus/object_proxy.cc:572] Failed to call method: org.freedesktop.DBus.NameHasOwner: object_path= /org/freedesktop/DBus: unknown error type: 
[83695:83722:1007/132305.531657:ERROR:dbus/bus.cc:405] Failed to connect to the bus: Could not parse server address: Unknown address type (examples of valid types are "tcp" and on UNIX "unix")
[83695:83722:1007/132305.531687:ERROR:dbus/bus.cc:405] Failed to connect to the bus: Could not parse server address: Unknown address type (examples of valid types are "tcp" and on UNIX "unix")

DevTools listening on ws://127.0.0.1:32933/devtools/browser/1cd36c5f-2496-4544-9db1-f630203d4904
[83695:83695:1007/132305.533960:ERROR:dbus/object_proxy.cc:572] Failed to call method: org.freedesktop.DBus.NameHasOwner: object_path= /org/freedesktop/DBus: unknown error type: 
[83695:83695:1007/132305.538246:ERROR:dbus/object_proxy.cc:572] Failed to call method: org.freedesktop.DBus.NameHasOwner: object_path= /org/freedesktop/DBus: unknown error type: 
[83695:83695:1007/132305.544253:ERROR:dbus/object_proxy.cc:572] Failed to call method: org.freedesktop.DBus.NameHasOwner: object_path= /org/freedesktop/DBus: unknown error type: 
[83695:83722:1007/132305.544280:ERROR:dbus/bus.cc:405] Failed to connect to the bus: Failed to connect to socket /run/dbus/system_bus_socket: No such file or directory
[83695:83722:1007/132305.544369:ERROR:dbus/bus.cc:405] Failed to connect to the bus: Failed to connect to socket /run/dbus/system_bus_socket: No such file or directory
[83695:83695:1007/132305.544428:ERROR:dbus/object_proxy.cc:572] Failed to call method: org.freedesktop.DBus.NameHasOwner: object_path= /org/freedesktop/DBus: unknown error type: 
[83695:83722:1007/132305.544480:ERROR:dbus/bus.cc:405] Failed to connect to the bus: Could not parse server address: Unknown address type (examples of valid types are "tcp" and on UNIX "unix")
[83695:83734:1007/132305.585388:ERROR:content/browser/zygote_host/zygote_host_impl_linux.cc:279] Failed to adjust OOM score of renderer with pid 83783: Read-only file system (30)
[83695:83734:1007/132305.628525:ERROR:content/browser/zygote_host/zygote_host_impl_linux.cc:279] Failed to adjust OOM score of renderer with pid 83792: Read-only file system (30)
[83695:83734:1007/132305.640459:ERROR:content/browser/zygote_host/zygote_host_impl_linux.cc:279] Failed to adjust OOM score of renderer with pid 83799: Read-only file system (30)
[83695:83695:1007/132305.650830:ERROR:dbus/object_proxy.cc:572] Failed to call method: org.freedesktop.DBus.Properties.GetAll: object_path= /org/freedesktop/UPower/devices/DisplayDevice: unknown error type: 
[83695:83695:1007/132305.650866:ERROR:dbus/object_proxy.cc:572] Failed to call method: org.freedesktop.DBus.NameHasOwner: object_path= /org/freedesktop/DBus: unknown error type: 
[83695:83722:1007/132305.653959:ERROR:dbus/bus.cc:405] Failed to connect to the bus: Could not parse server address: Unknown address type (examples of valid types are "tcp" and on UNIX "unix")
[83695:83695:1007/132305.666736:ERROR:dbus/object_proxy.cc:572] Failed to call method: org.freedesktop.DBus.NameHasOwner: object_path= /org/freedesktop/DBus: unknown error type: 
[83695:83722:1007/132305.666837:ERROR:dbus/bus.cc:405] Failed to connect to the bus: Could not parse server address: Unknown address type (examples of valid types are "tcp" and on UNIX "unix")
[83695:83695:1007/132305.676270:ERROR:dbus/object_proxy.cc:572] Failed to call method: org.freedesktop.DBus.NameHasOwner: object_path= /org/freedesktop/DBus: unknown error type: 
AssertionError [ERR_ASSERTION]: Classification success must immediately invalidate preference proof before list reconciliation
+ actual - expected

+ {
+   artifact_bytes: 5288,
+   assignments: {
+     '390fac76e60443afa04ecff1de345123': 'train'
+   },
+   blockers: [],
+   eligible: true,
+   example_count: 1,
+   excluded: [],
+   format: 'text_preference_v1',
+   lineage: [
+     {
+       deleted_ids: [],
+       fixed_splits: [],
+       id: 'component:4fddace809420295643eb578e1c83f21feb3e90c107550ec6ed0917d23f1e78e',
+       member_ids: [
+         'f3f9de28b5b54b77883f862bb5bc1700'
+       ],
+       selected_ids: [
+         'f3f9de28b5b54b77883f862bb5bc1700'
+       ]
+     }
+   ],
+   preview_token: '900fa17629e19ab6e23ff8d9cb96bef477ba1aa8c2e3a0f8d3974da8a8afa58b',
+   selected_count: 1,
+   split_report: {
+     actual_counts: {
+       train: 1
+     },
+     actual_unique_prompt_counts: {
+       train: 1
+     },
+     example_count: 1,
+     independent_components: 1,
+     note: 'Whole connected groups are indivisible; existing source splits are preserved. Requested percentages are targets, not exact quotas.',
+     requested_percentages: {
+       test: 0,
+       train: 100,
+       validation: 0
+     },
+     unique_prompt_count: 1
+   },
+   unique_prompt_count: 1,
+   warnings: [
+     'Judgment review is independent of answer/target review; it does not establish rights or training quality.'
+   ]
+ }
- null

    at /workspace/Tuldok/tests/browser_classification_preferences_integration.cjs:51:12 {
  generatedMessage: false,
  code: 'ERR_ASSERTION',
  actual: [Object],
  expected: null,
  operator: 'strictEqual',
  diff: 'simple'
}
Runtime errors: []
Integration diagnostics: {"current":"f3f9de28b5b54b77883f862bb5bc1700","revision":2,"notice":"Record loaded.","classification":false,"classificationStatus":"Classification applied as draft. Fixed selections retain their old revisions; explicitly review and reselect before export. Later edits are retained if the editor changed.","preferenceBusy":false,"preferenceDirty":false,"responseBusy":false,"responseDirty":false,"held":"","posts":[{"route":"/api/workbench/releases/preview","body":{"format":"text_preference_v1","items":[{"id":"390fac76e60443afa04ecff1de345123","revision":1,"prompt_id":"f3f9de28b5b54b77883f862bb5bc1700","parent_revision":1,"source_revision":1,"left_id":"62815e6dd21b4ee4a2a0f5764a1d4aed","left_revision":1,"right_id":"3a75370108f64d41a849c27504cd1689","right_revision":1}],"ratios":{"train":100,"validation":0,"test":0},"seed":42}},{"route":"/api/generation/prompt-models","body":{"server_url":"http://127.0.0.1:39583/v1/"}},{"route":"/api/workbench/text-classification-proposals","body":{"source_id":"f3f9de28b5b54b77883f862bb5bc1700","revision":1,"source_revision":1,"server_url":"http://127.0.0.1:39583/v1/","model":"classification-fixture","instruction":"Combined explicit classification","seed":42,"labels":["cancel","keep"],"request_id":"47700ef8f3ad4edba40a4e87855fe7f9"}},{"route":"/api/workbench/text-classification-proposals/decide/47700ef8f3ad4edba40a4e87855fe7f9","body":{"revision":3,"decision":"apply_draft","labels":["cancel","keep"]}}]}
