Text classification proposal evidence: /workspace/Tuldok/test-results/text-classification-proposals/run-ha3Jie
[31964:31992:1007/090849.031228:ERROR:dbus/bus.cc:405] Failed to connect to the bus: Failed to connect to socket /run/dbus/system_bus_socket: No such file or directory
[31964:31992:1007/090849.037021:ERROR:dbus/bus.cc:405] Failed to connect to the bus: Could not parse server address: Unknown address type (examples of valid types are "tcp" and on UNIX "unix")
[31964:31992:1007/090849.037176:ERROR:dbus/bus.cc:405] Failed to connect to the bus: Failed to connect to socket /run/dbus/system_bus_socket: No such file or directory
[31964:31992:1007/090849.037300:ERROR:dbus/bus.cc:405] Failed to connect to the bus: Failed to connect to socket /run/dbus/system_bus_socket: No such file or directory
[31964:31992:1007/090849.037308:ERROR:dbus/bus.cc:405] Failed to connect to the bus: Could not parse server address: Unknown address type (examples of valid types are "tcp" and on UNIX "unix")
[31964:32004:1007/090849.042107:ERROR:content/browser/zygote_host/zygote_host_impl_linux.cc:279] Failed to adjust OOM score of renderer with pid 32006: Read-only file system (30)
[31964:31992:1007/090849.520293:ERROR:dbus/bus.cc:405] Failed to connect to the bus: Could not parse server address: Unknown address type (examples of valid types are "tcp" and on UNIX "unix")
[31964:31992:1007/090849.563249:ERROR:dbus/bus.cc:405] Failed to connect to the bus: Could not parse server address: Unknown address type (examples of valid types are "tcp" and on UNIX "unix")
[31964:32004:1007/090849.563277:ERROR:content/browser/zygote_host/zygote_host_impl_linux.cc:279] Failed to adjust OOM score of renderer with pid 32022: Read-only file system (30)
[31964:31964:1007/090849.581609:ERROR:dbus/object_proxy.cc:572] Failed to call method: org.freedesktop.DBus.NameHasOwner: object_path= /org/freedesktop/DBus: unknown error type: 
[31964:31964:1007/090849.581673:ERROR:dbus/object_proxy.cc:572] Failed to call method: org.freedesktop.DBus.NameHasOwner: object_path= /org/freedesktop/DBus: unknown error type: 
[31964:31992:1007/090849.581698:ERROR:dbus/bus.cc:405] Failed to connect to the bus: Could not parse server address: Unknown address type (examples of valid types are "tcp" and on UNIX "unix")
[31964:31992:1007/090849.581713:ERROR:dbus/bus.cc:405] Failed to connect to the bus: Could not parse server address: Unknown address type (examples of valid types are "tcp" and on UNIX "unix")

DevTools listening on ws://127.0.0.1:35271/devtools/browser/d2f9daa0-5f8e-4399-9be1-a822a5be4bac
[31964:31964:1007/090849.591078:ERROR:dbus/object_proxy.cc:572] Failed to call method: org.freedesktop.DBus.NameHasOwner: object_path= /org/freedesktop/DBus: unknown error type: 
[31964:31964:1007/090849.595422:ERROR:dbus/object_proxy.cc:572] Failed to call method: org.freedesktop.DBus.NameHasOwner: object_path= /org/freedesktop/DBus: unknown error type: 
[31964:31964:1007/090849.597519:ERROR:dbus/object_proxy.cc:572] Failed to call method: org.freedesktop.DBus.NameHasOwner: object_path= /org/freedesktop/DBus: unknown error type: 
[31964:31992:1007/090849.597721:ERROR:dbus/bus.cc:405] Failed to connect to the bus: Failed to connect to socket /run/dbus/system_bus_socket: No such file or directory
[31964:31992:1007/090849.597805:ERROR:dbus/bus.cc:405] Failed to connect to the bus: Failed to connect to socket /run/dbus/system_bus_socket: No such file or directory
[31964:31964:1007/090849.598226:ERROR:dbus/object_proxy.cc:572] Failed to call method: org.freedesktop.DBus.NameHasOwner: object_path= /org/freedesktop/DBus: unknown error type: 
[31964:31992:1007/090849.598370:ERROR:dbus/bus.cc:405] Failed to connect to the bus: Could not parse server address: Unknown address type (examples of valid types are "tcp" and on UNIX "unix")
[31964:32004:1007/090849.637223:ERROR:content/browser/zygote_host/zygote_host_impl_linux.cc:279] Failed to adjust OOM score of renderer with pid 32053: Read-only file system (30)
[31964:32004:1007/090849.664246:ERROR:content/browser/zygote_host/zygote_host_impl_linux.cc:279] Failed to adjust OOM score of renderer with pid 32062: Read-only file system (30)
[31964:32004:1007/090849.691435:ERROR:content/browser/zygote_host/zygote_host_impl_linux.cc:279] Failed to adjust OOM score of renderer with pid 32071: Read-only file system (30)
[31964:31964:1007/090849.706331:ERROR:dbus/object_proxy.cc:572] Failed to call method: org.freedesktop.DBus.Properties.GetAll: object_path= /org/freedesktop/UPower/devices/DisplayDevice: unknown error type: 
[31964:31964:1007/090849.706361:ERROR:dbus/object_proxy.cc:572] Failed to call method: org.freedesktop.DBus.NameHasOwner: object_path= /org/freedesktop/DBus: unknown error type: 
[31964:31992:1007/090849.706523:ERROR:dbus/bus.cc:405] Failed to connect to the bus: Could not parse server address: Unknown address type (examples of valid types are "tcp" and on UNIX "unix")
[31964:31964:1007/090849.722289:ERROR:dbus/object_proxy.cc:572] Failed to call method: org.freedesktop.DBus.NameHasOwner: object_path= /org/freedesktop/DBus: unknown error type: 
[31964:31992:1007/090849.722387:ERROR:dbus/bus.cc:405] Failed to connect to the bus: Could not parse server address: Unknown address type (examples of valid types are "tcp" and on UNIX "unix")
[31964:31964:1007/090849.730809:ERROR:dbus/object_proxy.cc:572] Failed to call method: org.freedesktop.DBus.NameHasOwner: object_path= /org/freedesktop/DBus: unknown error type: 
Text classification proposals real HTTP/Chromium bounded synthetic contracts passed.
