[137700:137728:1007/061315.795353:ERROR:dbus/bus.cc:405] Failed to connect to the bus: Failed to connect to socket /run/dbus/system_bus_socket: No such file or directory
[137700:137728:1007/061315.799085:ERROR:dbus/bus.cc:405] Failed to connect to the bus: Could not parse server address: Unknown address type (examples of valid types are "tcp" and on UNIX "unix")
[137700:137728:1007/061315.799142:ERROR:dbus/bus.cc:405] Failed to connect to the bus: Failed to connect to socket /run/dbus/system_bus_socket: No such file or directory
[137700:137728:1007/061315.799166:ERROR:dbus/bus.cc:405] Failed to connect to the bus: Failed to connect to socket /run/dbus/system_bus_socket: No such file or directory
[137700:137728:1007/061315.799171:ERROR:dbus/bus.cc:405] Failed to connect to the bus: Could not parse server address: Unknown address type (examples of valid types are "tcp" and on UNIX "unix")
[137700:137739:1007/061315.802272:ERROR:content/browser/zygote_host/zygote_host_impl_linux.cc:279] Failed to adjust OOM score of renderer with pid 137741: Read-only file system (30)
[137700:137728:1007/061316.121116:ERROR:dbus/bus.cc:405] Failed to connect to the bus: Could not parse server address: Unknown address type (examples of valid types are "tcp" and on UNIX "unix")
[137700:137739:1007/061316.149924:ERROR:content/browser/zygote_host/zygote_host_impl_linux.cc:279] Failed to adjust OOM score of renderer with pid 137757: Read-only file system (30)
[137700:137728:1007/061316.150541:ERROR:dbus/bus.cc:405] Failed to connect to the bus: Could not parse server address: Unknown address type (examples of valid types are "tcp" and on UNIX "unix")
[137700:137700:1007/061316.162560:ERROR:dbus/object_proxy.cc:572] Failed to call method: org.freedesktop.DBus.NameHasOwner: object_path= /org/freedesktop/DBus: unknown error type: 
[137700:137700:1007/061316.162636:ERROR:dbus/object_proxy.cc:572] Failed to call method: org.freedesktop.DBus.NameHasOwner: object_path= /org/freedesktop/DBus: unknown error type: 
[137700:137728:1007/061316.162657:ERROR:dbus/bus.cc:405] Failed to connect to the bus: Could not parse server address: Unknown address type (examples of valid types are "tcp" and on UNIX "unix")
[137700:137728:1007/061316.162669:ERROR:dbus/bus.cc:405] Failed to connect to the bus: Could not parse server address: Unknown address type (examples of valid types are "tcp" and on UNIX "unix")

DevTools listening on ws://127.0.0.1:40351/devtools/browser/d2bfac74-9f06-45e2-b668-cc5d7fcd0aa5
[137700:137700:1007/061316.170443:ERROR:dbus/object_proxy.cc:572] Failed to call method: org.freedesktop.DBus.NameHasOwner: object_path= /org/freedesktop/DBus: unknown error type: 
[137700:137700:1007/061316.174439:ERROR:dbus/object_proxy.cc:572] Failed to call method: org.freedesktop.DBus.NameHasOwner: object_path= /org/freedesktop/DBus: unknown error type: 
[137700:137700:1007/061316.175640:ERROR:dbus/object_proxy.cc:572] Failed to call method: org.freedesktop.DBus.NameHasOwner: object_path= /org/freedesktop/DBus: unknown error type: 
[137700:137728:1007/061316.175646:ERROR:dbus/bus.cc:405] Failed to connect to the bus: Failed to connect to socket /run/dbus/system_bus_socket: No such file or directory
[137700:137728:1007/061316.175661:ERROR:dbus/bus.cc:405] Failed to connect to the bus: Failed to connect to socket /run/dbus/system_bus_socket: No such file or directory
[137700:137700:1007/061316.175806:ERROR:dbus/object_proxy.cc:572] Failed to call method: org.freedesktop.DBus.NameHasOwner: object_path= /org/freedesktop/DBus: unknown error type: 
[137700:137728:1007/061316.176711:ERROR:dbus/bus.cc:405] Failed to connect to the bus: Could not parse server address: Unknown address type (examples of valid types are "tcp" and on UNIX "unix")
[137700:137739:1007/061316.202851:ERROR:content/browser/zygote_host/zygote_host_impl_linux.cc:279] Failed to adjust OOM score of renderer with pid 137788: Read-only file system (30)
[137700:137739:1007/061316.231577:ERROR:content/browser/zygote_host/zygote_host_impl_linux.cc:279] Failed to adjust OOM score of renderer with pid 137797: Read-only file system (30)
[137700:137739:1007/061316.241730:ERROR:content/browser/zygote_host/zygote_host_impl_linux.cc:279] Failed to adjust OOM score of renderer with pid 137804: Read-only file system (30)
[137700:137700:1007/061316.256337:ERROR:dbus/object_proxy.cc:572] Failed to call method: org.freedesktop.DBus.Properties.GetAll: object_path= /org/freedesktop/UPower/devices/DisplayDevice: unknown error type: 
[137700:137700:1007/061316.256812:ERROR:dbus/object_proxy.cc:572] Failed to call method: org.freedesktop.DBus.NameHasOwner: object_path= /org/freedesktop/DBus: unknown error type: 
[137700:137728:1007/061316.256898:ERROR:dbus/bus.cc:405] Failed to connect to the bus: Could not parse server address: Unknown address type (examples of valid types are "tcp" and on UNIX "unix")
[137700:137700:1007/061316.266958:ERROR:dbus/object_proxy.cc:572] Failed to call method: org.freedesktop.DBus.NameHasOwner: object_path= /org/freedesktop/DBus: unknown error type: 
[137700:137728:1007/061316.267059:ERROR:dbus/bus.cc:405] Failed to connect to the bus: Could not parse server address: Unknown address type (examples of valid types are "tcp" and on UNIX "unix")
[137700:137700:1007/061316.278869:ERROR:dbus/object_proxy.cc:572] Failed to call method: org.freedesktop.DBus.NameHasOwner: object_path= /org/freedesktop/DBus: unknown error type: 
Caption import browser targets: [{"type":"page","url":"about:blank"},{"type":"browser_ui","url":"chrome://omnibox-popup.top-chrome/"},{"type":"browser_ui","url":"chrome://omnibox-popup.top-chrome/omnibox_popup_aim.html"}]
Caption import browser version: {"protocolVersion":"1.3","product":"Chrome/151.0.7922.173","revision":"@a96602f30358e9b5d256a0464e7e4d4bec223004","userAgent":"Mozilla/5.0 (X11; Linux x86_64) AppleWebKit/537.36 (KHTML, like Gecko) HeadlessChrome/151.0.0.0 Safari/537.36","jsVersion":"15.1.206.23"}
train: 2 readable RGB-convertible images, captions present
val: 1 readable RGB-convertible images, captions present
test: 1 readable RGB-convertible images, captions present
PASS: 4 records; no exact pixel duplicates or cross-split group leakage
Still inspect crops, near-duplicates, captions, rights and sensitive metadata manually


Native caption browser passed: actual files/HTTP/SQL, partial/missing/ambiguous/damaged rows, draft origin/splits, rollback, stop/read/preparation/in-flight/repeated controls, lost receipt lookup, duplicate immutability, editor/selection, human acceptance, actual ZIP download/pinned consumer, reload and narrow layout.
Later corner-studio HTTP import after the workbench opened: alternate PNG bytes, identical pixels, native HTTP409, lazy metadata/history rollback and no duplicate source directory passed.
