Text classification proposal evidence: /workspace/Tuldok/test-results/text-classification-proposals/run-VIlndQ
[9185:9213:1007/083114.203044:ERROR:dbus/bus.cc:405] Failed to connect to the bus: Failed to connect to socket /run/dbus/system_bus_socket: No such file or directory
[9185:9213:1007/083114.207414:ERROR:dbus/bus.cc:405] Failed to connect to the bus: Could not parse server address: Unknown address type (examples of valid types are "tcp" and on UNIX "unix")
[9185:9213:1007/083114.207461:ERROR:dbus/bus.cc:405] Failed to connect to the bus: Failed to connect to socket /run/dbus/system_bus_socket: No such file or directory
[9185:9213:1007/083114.207605:ERROR:dbus/bus.cc:405] Failed to connect to the bus: Failed to connect to socket /run/dbus/system_bus_socket: No such file or directory
[9185:9213:1007/083114.207624:ERROR:dbus/bus.cc:405] Failed to connect to the bus: Could not parse server address: Unknown address type (examples of valid types are "tcp" and on UNIX "unix")
[9185:9227:1007/083114.211170:ERROR:content/browser/zygote_host/zygote_host_impl_linux.cc:279] Failed to adjust OOM score of renderer with pid 9229: Read-only file system (30)
[9185:9213:1007/083114.993056:ERROR:dbus/bus.cc:405] Failed to connect to the bus: Could not parse server address: Unknown address type (examples of valid types are "tcp" and on UNIX "unix")
[9185:9213:1007/083115.032265:ERROR:dbus/bus.cc:405] Failed to connect to the bus: Could not parse server address: Unknown address type (examples of valid types are "tcp" and on UNIX "unix")
[9185:9227:1007/083115.035323:ERROR:content/browser/zygote_host/zygote_host_impl_linux.cc:279] Failed to adjust OOM score of renderer with pid 9260: Read-only file system (30)
[9185:9185:1007/083115.049974:ERROR:dbus/object_proxy.cc:572] Failed to call method: org.freedesktop.DBus.NameHasOwner: object_path= /org/freedesktop/DBus: unknown error type: 
[9185:9185:1007/083115.050035:ERROR:dbus/object_proxy.cc:572] Failed to call method: org.freedesktop.DBus.NameHasOwner: object_path= /org/freedesktop/DBus: unknown error type: 
[9185:9213:1007/083115.050057:ERROR:dbus/bus.cc:405] Failed to connect to the bus: Could not parse server address: Unknown address type (examples of valid types are "tcp" and on UNIX "unix")
[9185:9213:1007/083115.050130:ERROR:dbus/bus.cc:405] Failed to connect to the bus: Could not parse server address: Unknown address type (examples of valid types are "tcp" and on UNIX "unix")

DevTools listening on ws://127.0.0.1:43953/devtools/browser/0e8cc7e3-04f7-4572-87ce-4c17d50673c6
[9185:9185:1007/083115.061547:ERROR:dbus/object_proxy.cc:572] Failed to call method: org.freedesktop.DBus.NameHasOwner: object_path= /org/freedesktop/DBus: unknown error type: 
[9185:9185:1007/083115.067317:ERROR:dbus/object_proxy.cc:572] Failed to call method: org.freedesktop.DBus.NameHasOwner: object_path= /org/freedesktop/DBus: unknown error type: 
[9185:9185:1007/083115.069117:ERROR:dbus/object_proxy.cc:572] Failed to call method: org.freedesktop.DBus.NameHasOwner: object_path= /org/freedesktop/DBus: unknown error type: 
[9185:9185:1007/083115.069254:ERROR:dbus/object_proxy.cc:572] Failed to call method: org.freedesktop.DBus.NameHasOwner: object_path= /org/freedesktop/DBus: unknown error type: 
[9185:9213:1007/083115.069731:ERROR:dbus/bus.cc:405] Failed to connect to the bus: Failed to connect to socket /run/dbus/system_bus_socket: No such file or directory
[9185:9213:1007/083115.069749:ERROR:dbus/bus.cc:405] Failed to connect to the bus: Failed to connect to socket /run/dbus/system_bus_socket: No such file or directory
[9185:9213:1007/083115.069755:ERROR:dbus/bus.cc:405] Failed to connect to the bus: Could not parse server address: Unknown address type (examples of valid types are "tcp" and on UNIX "unix")
[9185:9227:1007/083115.116564:ERROR:content/browser/zygote_host/zygote_host_impl_linux.cc:279] Failed to adjust OOM score of renderer with pid 9301: Read-only file system (30)
[9185:9227:1007/083115.172270:ERROR:content/browser/zygote_host/zygote_host_impl_linux.cc:279] Failed to adjust OOM score of renderer with pid 9313: Read-only file system (30)
[9185:9227:1007/083115.176772:ERROR:content/browser/zygote_host/zygote_host_impl_linux.cc:279] Failed to adjust OOM score of renderer with pid 9320: Read-only file system (30)
[9185:9185:1007/083115.194578:ERROR:dbus/object_proxy.cc:572] Failed to call method: org.freedesktop.DBus.Properties.GetAll: object_path= /org/freedesktop/UPower/devices/DisplayDevice: unknown error type: 
[9185:9185:1007/083115.194591:ERROR:dbus/object_proxy.cc:572] Failed to call method: org.freedesktop.DBus.NameHasOwner: object_path= /org/freedesktop/DBus: unknown error type: 
[9185:9213:1007/083115.195189:ERROR:dbus/bus.cc:405] Failed to connect to the bus: Could not parse server address: Unknown address type (examples of valid types are "tcp" and on UNIX "unix")
[9185:9185:1007/083115.210701:ERROR:dbus/object_proxy.cc:572] Failed to call method: org.freedesktop.DBus.NameHasOwner: object_path= /org/freedesktop/DBus: unknown error type: 
[9185:9213:1007/083115.211128:ERROR:dbus/bus.cc:405] Failed to connect to the bus: Could not parse server address: Unknown address type (examples of valid types are "tcp" and on UNIX "unix")
[9185:9185:1007/083115.222196:ERROR:dbus/object_proxy.cc:572] Failed to call method: org.freedesktop.DBus.NameHasOwner: object_path= /org/freedesktop/DBus: unknown error type: 
Error: {"exceptionId":1,"text":"Uncaught","lineNumber":0,"columnNumber":107,"scriptId":"54","stackTrace":{"callFrames":[{"functionName":"","scriptId":"54","url":"","lineNumber":0,"columnNumber":107}]},"exception":{"type":"object","subtype":"error","className":"ReferenceError","description":"ReferenceError: renderSelection is not defined\n    at <anonymous>:1:108","objectId":"6738310336881544182.2.2"}}
    at evaluate (/workspace/Tuldok/tests/browser_text_classification_proposals.cjs:30:164)
    at async /workspace/Tuldok/tests/browser_text_classification_proposals.cjs:76:81
Runtime errors: []
Page diagnostics: {"url":"http://127.0.0.1:43627/workbench#selection=5cbdb04e85a54451822f376465a5dedf","ready":"complete","notice":"Record loaded.","classificationStatus":"Synthetic lost Apply acknowledgement Refresh requests and inspect the record before retrying; an application acknowledgement may have been lost.","classificationModels":1,"scriptType":"function","body":"← Corner studio\nDataset workbench\n\nReal assets, explicit targets, reproducible releases.\n\nDevelopment workspace\n\nRecord loaded.\n\nCollection\nSearch\nType\nAll assets\nText\nTask\nAll tasks\nImage detection\nImage classification\nImage caption\nText classification\nText entities\nReview\nAll states\nDraft\nHuman reviewed\nProgrammatically verified\nSort\nNewest\nOldest\nName\nReview\nExact filter entry\nPlain text\nJSON strings · preserves line breaks\nTarget label (exact)\nProtected source/group (exact)\nRights note (exact)\n\nExact, case-sensitive values; leave blank for any. For values with line breaks, choose JSON strings and enter double-quoted values: \"first\\nsecond\" for LF, \\r for CR and \\r\\n for CRLF. Escape literal backslashes as \\\\ and quotes as \\\". Groups match IDs stored on the record, not all related sources. Rights notes are metadata, not permission decisions. Missing notes appear as unknown. Filtered results are dynamic; saved fixed membership and release selection stay separate.\n\nSearch collection\n\n2 records · 1 unlabeled · 2 protected groups · 0 exact duplicates · 0 unknown rights. Labels: cancel (1). Exact matching only; balance is not coverage.\n\nSelect page\nClear selection\nSaved fixed selections\n\nSave the chosen records at their exact revisions. Searches and filters stay separate; saving or opening never approves annotations.\n\nSelection name\nSave selected records as a new set\nSaved set\nChoose a saved selection\nFixed text set · 2 fixed records\nOpen fixed selection\nRefresh saved sets\nNew ","viewport":1400,"documentWidth":1385,"overflow":[]}
