[106327:106355:1007/041525.445059:ERROR:dbus/bus.cc:405] Failed to connect to the bus: Failed to connect to socket /run/dbus/system_bus_socket: No such file or directory
[106327:106355:1007/041525.448787:ERROR:dbus/bus.cc:405] Failed to connect to the bus: Could not parse server address: Unknown address type (examples of valid types are "tcp" and on UNIX "unix")
[106327:106355:1007/041525.448927:ERROR:dbus/bus.cc:405] Failed to connect to the bus: Failed to connect to socket /run/dbus/system_bus_socket: No such file or directory
[106327:106355:1007/041525.448942:ERROR:dbus/bus.cc:405] Failed to connect to the bus: Failed to connect to socket /run/dbus/system_bus_socket: No such file or directory
[106327:106355:1007/041525.448952:ERROR:dbus/bus.cc:405] Failed to connect to the bus: Could not parse server address: Unknown address type (examples of valid types are "tcp" and on UNIX "unix")
[106327:106367:1007/041525.456811:ERROR:content/browser/zygote_host/zygote_host_impl_linux.cc:279] Failed to adjust OOM score of renderer with pid 106369: Read-only file system (30)
[106327:106355:1007/041525.758108:ERROR:dbus/bus.cc:405] Failed to connect to the bus: Could not parse server address: Unknown address type (examples of valid types are "tcp" and on UNIX "unix")
[106327:106355:1007/041525.791233:ERROR:dbus/bus.cc:405] Failed to connect to the bus: Could not parse server address: Unknown address type (examples of valid types are "tcp" and on UNIX "unix")
[106327:106367:1007/041525.792092:ERROR:content/browser/zygote_host/zygote_host_impl_linux.cc:279] Failed to adjust OOM score of renderer with pid 106385: Read-only file system (30)
[106327:106327:1007/041525.804330:ERROR:dbus/object_proxy.cc:572] Failed to call method: org.freedesktop.DBus.NameHasOwner: object_path= /org/freedesktop/DBus: unknown error type: 
[106327:106327:1007/041525.804398:ERROR:dbus/object_proxy.cc:572] Failed to call method: org.freedesktop.DBus.NameHasOwner: object_path= /org/freedesktop/DBus: unknown error type: 
[106327:106355:1007/041525.804415:ERROR:dbus/bus.cc:405] Failed to connect to the bus: Could not parse server address: Unknown address type (examples of valid types are "tcp" and on UNIX "unix")
[106327:106355:1007/041525.804427:ERROR:dbus/bus.cc:405] Failed to connect to the bus: Could not parse server address: Unknown address type (examples of valid types are "tcp" and on UNIX "unix")

DevTools listening on ws://127.0.0.1:42333/devtools/browser/3a025c96-4f18-4146-b434-6307887ebb9c
[106327:106327:1007/041525.809434:ERROR:dbus/object_proxy.cc:572] Failed to call method: org.freedesktop.DBus.NameHasOwner: object_path= /org/freedesktop/DBus: unknown error type: 
[106327:106327:1007/041525.812797:ERROR:dbus/object_proxy.cc:572] Failed to call method: org.freedesktop.DBus.NameHasOwner: object_path= /org/freedesktop/DBus: unknown error type: 
[106327:106355:1007/041525.814240:ERROR:dbus/bus.cc:405] Failed to connect to the bus: Failed to connect to socket /run/dbus/system_bus_socket: No such file or directory
[106327:106355:1007/041525.814258:ERROR:dbus/bus.cc:405] Failed to connect to the bus: Failed to connect to socket /run/dbus/system_bus_socket: No such file or directory
[106327:106327:1007/041525.814260:ERROR:dbus/object_proxy.cc:572] Failed to call method: org.freedesktop.DBus.NameHasOwner: object_path= /org/freedesktop/DBus: unknown error type: 
[106327:106327:1007/041525.814415:ERROR:dbus/object_proxy.cc:572] Failed to call method: org.freedesktop.DBus.NameHasOwner: object_path= /org/freedesktop/DBus: unknown error type: 
[106327:106355:1007/041525.814978:ERROR:dbus/bus.cc:405] Failed to connect to the bus: Could not parse server address: Unknown address type (examples of valid types are "tcp" and on UNIX "unix")
[106327:106367:1007/041525.841190:ERROR:content/browser/zygote_host/zygote_host_impl_linux.cc:279] Failed to adjust OOM score of renderer with pid 106416: Read-only file system (30)
[106327:106367:1007/041525.876773:ERROR:content/browser/zygote_host/zygote_host_impl_linux.cc:279] Failed to adjust OOM score of renderer with pid 106426: Read-only file system (30)
[106327:106367:1007/041525.878442:ERROR:content/browser/zygote_host/zygote_host_impl_linux.cc:279] Failed to adjust OOM score of renderer with pid 106433: Read-only file system (30)
[106327:106327:1007/041525.890367:ERROR:dbus/object_proxy.cc:572] Failed to call method: org.freedesktop.DBus.Properties.GetAll: object_path= /org/freedesktop/UPower/devices/DisplayDevice: unknown error type: 
[106327:106327:1007/041525.890877:ERROR:dbus/object_proxy.cc:572] Failed to call method: org.freedesktop.DBus.NameHasOwner: object_path= /org/freedesktop/DBus: unknown error type: 
[106327:106355:1007/041525.890950:ERROR:dbus/bus.cc:405] Failed to connect to the bus: Could not parse server address: Unknown address type (examples of valid types are "tcp" and on UNIX "unix")
[106327:106327:1007/041525.899990:ERROR:dbus/object_proxy.cc:572] Failed to call method: org.freedesktop.DBus.NameHasOwner: object_path= /org/freedesktop/DBus: unknown error type: 
[106327:106355:1007/041525.900522:ERROR:dbus/bus.cc:405] Failed to connect to the bus: Could not parse server address: Unknown address type (examples of valid types are "tcp" and on UNIX "unix")
[106327:106327:1007/041525.907610:ERROR:dbus/object_proxy.cc:572] Failed to call method: org.freedesktop.DBus.NameHasOwner: object_path= /org/freedesktop/DBus: unknown error type: 
Original single-line defect, API positive controls: [{"stored":[108,101,102,116,10,114,105,103,104,116],"input":[108,101,102,116,114,105,103,104,116],"exact":1,"sanitized":0},{"stored":[108,101,102,116,13,114,105,103,104,116],"input":[108,101,102,116,114,105,103,104,116],"exact":1,"sanitized":0},{"stored":[108,101,102,116,13,10,114,105,103,104,116],"input":[108,101,102,116,114,105,103,104,116],"exact":1,"sanitized":0}]
Surrogate entry: {"field":"label","codeUnits":[55296],"submitted":[],"total":1}
Surrogate entry: {"field":"label","codeUnits":[57343],"submitted":[],"total":1}
Surrogate entry: {"field":"label","codeUnits":[97,55296,98],"submitted":[],"total":1}
Surrogate entry: {"field":"label","codeUnits":[55296,55296],"submitted":[],"total":1}
Surrogate entry: {"field":"label","codeUnits":[56320,55296],"submitted":[],"total":1}
Surrogate entry: {"field":"group","codeUnits":[55296],"submitted":[],"total":1}
Surrogate entry: {"field":"group","codeUnits":[57343],"submitted":[],"total":1}
Surrogate entry: {"field":"group","codeUnits":[97,55296,98],"submitted":[],"total":1}
Surrogate entry: {"field":"group","codeUnits":[55296,55296],"submitted":[],"total":1}
Surrogate entry: {"field":"group","codeUnits":[56320,55296],"submitted":[],"total":1}
Surrogate entry: {"field":"rights","codeUnits":[55296],"submitted":[],"total":1}
Surrogate entry: {"field":"rights","codeUnits":[57343],"submitted":[],"total":1}
Surrogate entry: {"field":"rights","codeUnits":[97,55296,98],"submitted":[],"total":1}
Surrogate entry: {"field":"rights","codeUnits":[55296,55296],"submitted":[],"total":1}
Surrogate entry: {"field":"rights","codeUnits":[56320,55296],"submitted":[],"total":1}
Exact label/group/rights filters, lossless LF/CR/CRLF JSON entry and submitted codepoints, unknown retained notes, keyboard search, combined criteria, pagination, dynamic results/fixed pairs, preview/export, error recovery and narrow layout passed.
