[107269:107296:1007/041540.743054:ERROR:dbus/bus.cc:405] Failed to connect to the bus: Failed to connect to socket /run/dbus/system_bus_socket: No such file or directory
[107269:107296:1007/041540.746154:ERROR:dbus/bus.cc:405] Failed to connect to the bus: Could not parse server address: Unknown address type (examples of valid types are "tcp" and on UNIX "unix")
[107269:107296:1007/041540.746237:ERROR:dbus/bus.cc:405] Failed to connect to the bus: Failed to connect to socket /run/dbus/system_bus_socket: No such file or directory
[107269:107296:1007/041540.746252:ERROR:dbus/bus.cc:405] Failed to connect to the bus: Failed to connect to socket /run/dbus/system_bus_socket: No such file or directory
[107269:107296:1007/041540.746256:ERROR:dbus/bus.cc:405] Failed to connect to the bus: Could not parse server address: Unknown address type (examples of valid types are "tcp" and on UNIX "unix")
[107269:107308:1007/041540.749933:ERROR:content/browser/zygote_host/zygote_host_impl_linux.cc:279] Failed to adjust OOM score of renderer with pid 107310: Read-only file system (30)
[107269:107296:1007/041541.055613:ERROR:dbus/bus.cc:405] Failed to connect to the bus: Could not parse server address: Unknown address type (examples of valid types are "tcp" and on UNIX "unix")
[107269:107296:1007/041541.082858:ERROR:dbus/bus.cc:405] Failed to connect to the bus: Could not parse server address: Unknown address type (examples of valid types are "tcp" and on UNIX "unix")
[107269:107308:1007/041541.083764:ERROR:content/browser/zygote_host/zygote_host_impl_linux.cc:279] Failed to adjust OOM score of renderer with pid 107326: Read-only file system (30)
[107269:107269:1007/041541.095617:ERROR:dbus/object_proxy.cc:572] Failed to call method: org.freedesktop.DBus.NameHasOwner: object_path= /org/freedesktop/DBus: unknown error type: 
[107269:107269:1007/041541.095674:ERROR:dbus/object_proxy.cc:572] Failed to call method: org.freedesktop.DBus.NameHasOwner: object_path= /org/freedesktop/DBus: unknown error type: 
[107269:107296:1007/041541.095698:ERROR:dbus/bus.cc:405] Failed to connect to the bus: Could not parse server address: Unknown address type (examples of valid types are "tcp" and on UNIX "unix")
[107269:107296:1007/041541.095710:ERROR:dbus/bus.cc:405] Failed to connect to the bus: Could not parse server address: Unknown address type (examples of valid types are "tcp" and on UNIX "unix")

DevTools listening on ws://127.0.0.1:38939/devtools/browser/1250efae-38f8-4eb4-b8e5-7b27b91c6f9b
[107269:107269:1007/041541.102337:ERROR:dbus/object_proxy.cc:572] Failed to call method: org.freedesktop.DBus.NameHasOwner: object_path= /org/freedesktop/DBus: unknown error type: 
[107269:107269:1007/041541.105208:ERROR:dbus/object_proxy.cc:572] Failed to call method: org.freedesktop.DBus.NameHasOwner: object_path= /org/freedesktop/DBus: unknown error type: 
[107269:107296:1007/041541.106878:ERROR:dbus/bus.cc:405] Failed to connect to the bus: Failed to connect to socket /run/dbus/system_bus_socket: No such file or directory
[107269:107296:1007/041541.106896:ERROR:dbus/bus.cc:405] Failed to connect to the bus: Failed to connect to socket /run/dbus/system_bus_socket: No such file or directory
[107269:107269:1007/041541.106894:ERROR:dbus/object_proxy.cc:572] Failed to call method: org.freedesktop.DBus.NameHasOwner: object_path= /org/freedesktop/DBus: unknown error type: 
[107269:107269:1007/041541.107438:ERROR:dbus/object_proxy.cc:572] Failed to call method: org.freedesktop.DBus.NameHasOwner: object_path= /org/freedesktop/DBus: unknown error type: 
[107269:107296:1007/041541.107507:ERROR:dbus/bus.cc:405] Failed to connect to the bus: Could not parse server address: Unknown address type (examples of valid types are "tcp" and on UNIX "unix")
[107269:107308:1007/041541.132398:ERROR:content/browser/zygote_host/zygote_host_impl_linux.cc:279] Failed to adjust OOM score of renderer with pid 107357: Read-only file system (30)
[107269:107308:1007/041541.154626:ERROR:content/browser/zygote_host/zygote_host_impl_linux.cc:279] Failed to adjust OOM score of renderer with pid 107366: Read-only file system (30)
[107269:107308:1007/041541.166611:ERROR:content/browser/zygote_host/zygote_host_impl_linux.cc:279] Failed to adjust OOM score of renderer with pid 107373: Read-only file system (30)
[107269:107269:1007/041541.171431:ERROR:dbus/object_proxy.cc:572] Failed to call method: org.freedesktop.DBus.Properties.GetAll: object_path= /org/freedesktop/UPower/devices/DisplayDevice: unknown error type: 
[107269:107269:1007/041541.171814:ERROR:dbus/object_proxy.cc:572] Failed to call method: org.freedesktop.DBus.NameHasOwner: object_path= /org/freedesktop/DBus: unknown error type: 
[107269:107296:1007/041541.172599:ERROR:dbus/bus.cc:405] Failed to connect to the bus: Could not parse server address: Unknown address type (examples of valid types are "tcp" and on UNIX "unix")
[107269:107269:1007/041541.181032:ERROR:dbus/object_proxy.cc:572] Failed to call method: org.freedesktop.DBus.NameHasOwner: object_path= /org/freedesktop/DBus: unknown error type: 
[107269:107296:1007/041541.181210:ERROR:dbus/bus.cc:405] Failed to connect to the bus: Could not parse server address: Unknown address type (examples of valid types are "tcp" and on UNIX "unix")
[107269:107269:1007/041541.186683:ERROR:dbus/object_proxy.cc:572] Failed to call method: org.freedesktop.DBus.NameHasOwner: object_path= /org/freedesktop/DBus: unknown error type: 
Caption import browser targets: [{"type":"page","url":"about:blank"},{"type":"browser_ui","url":"chrome://omnibox-popup.top-chrome/"},{"type":"browser_ui","url":"chrome://omnibox-popup.top-chrome/omnibox_popup_aim.html"}]
Caption import browser version: {"protocolVersion":"1.3","product":"Chrome/151.0.7922.173","revision":"@a96602f30358e9b5d256a0464e7e4d4bec223004","userAgent":"Mozilla/5.0 (X11; Linux x86_64) AppleWebKit/537.36 (KHTML, like Gecko) HeadlessChrome/151.0.0.0 Safari/537.36","jsVersion":"15.1.206.23"}
train: 2 readable RGB-convertible images, captions present
val: 1 readable RGB-convertible images, captions present
test: 1 readable RGB-convertible images, captions present
PASS: 4 records; no exact pixel duplicates or cross-split group leakage
Still inspect crops, near-duplicates, captions, rights and sensitive metadata manually


Native caption browser passed: actual files/HTTP/SQL, partial/missing/ambiguous/damaged rows, draft origin/splits, rollback, stop/read/preparation/in-flight/repeated controls, lost receipt lookup, duplicate immutability, editor/selection, human acceptance, actual ZIP download/pinned consumer, reload and narrow layout.
Later corner-studio HTTP import after the workbench opened: alternate PNG bytes, identical pixels, native HTTP409, lazy metadata/history rollback and no duplicate source directory passed.
