[170547:170575:1007/090341.631224:ERROR:dbus/bus.cc:405] Failed to connect to the bus: Failed to connect to socket /run/dbus/system_bus_socket: No such file or directory
[170547:170575:1007/090341.634631:ERROR:dbus/bus.cc:405] Failed to connect to the bus: Could not parse server address: Unknown address type (examples of valid types are "tcp" and on UNIX "unix")
[170547:170575:1007/090341.634747:ERROR:dbus/bus.cc:405] Failed to connect to the bus: Failed to connect to socket /run/dbus/system_bus_socket: No such file or directory
[170547:170575:1007/090341.634761:ERROR:dbus/bus.cc:405] Failed to connect to the bus: Failed to connect to socket /run/dbus/system_bus_socket: No such file or directory
[170547:170575:1007/090341.634766:ERROR:dbus/bus.cc:405] Failed to connect to the bus: Could not parse server address: Unknown address type (examples of valid types are "tcp" and on UNIX "unix")
[170547:170587:1007/090341.638616:ERROR:content/browser/zygote_host/zygote_host_impl_linux.cc:279] Failed to adjust OOM score of renderer with pid 170589: Read-only file system (30)
[170547:170575:1007/090341.944953:ERROR:dbus/bus.cc:405] Failed to connect to the bus: Could not parse server address: Unknown address type (examples of valid types are "tcp" and on UNIX "unix")
[170547:170575:1007/090341.972860:ERROR:dbus/bus.cc:405] Failed to connect to the bus: Could not parse server address: Unknown address type (examples of valid types are "tcp" and on UNIX "unix")
[170547:170587:1007/090341.973502:ERROR:content/browser/zygote_host/zygote_host_impl_linux.cc:279] Failed to adjust OOM score of renderer with pid 170605: Read-only file system (30)
[170547:170547:1007/090341.986869:ERROR:dbus/object_proxy.cc:572] Failed to call method: org.freedesktop.DBus.NameHasOwner: object_path= /org/freedesktop/DBus: unknown error type: 
[170547:170547:1007/090341.986958:ERROR:dbus/object_proxy.cc:572] Failed to call method: org.freedesktop.DBus.NameHasOwner: object_path= /org/freedesktop/DBus: unknown error type: 
[170547:170575:1007/090341.987240:ERROR:dbus/bus.cc:405] Failed to connect to the bus: Could not parse server address: Unknown address type (examples of valid types are "tcp" and on UNIX "unix")
[170547:170575:1007/090341.987253:ERROR:dbus/bus.cc:405] Failed to connect to the bus: Could not parse server address: Unknown address type (examples of valid types are "tcp" and on UNIX "unix")

DevTools listening on ws://127.0.0.1:36503/devtools/browser/e0523359-f92d-4e52-a18c-0f494da9b5c3
[170547:170547:1007/090341.993541:ERROR:dbus/object_proxy.cc:572] Failed to call method: org.freedesktop.DBus.NameHasOwner: object_path= /org/freedesktop/DBus: unknown error type: 
[170547:170547:1007/090341.999107:ERROR:dbus/object_proxy.cc:572] Failed to call method: org.freedesktop.DBus.NameHasOwner: object_path= /org/freedesktop/DBus: unknown error type: 
[170547:170575:1007/090342.000572:ERROR:dbus/bus.cc:405] Failed to connect to the bus: Failed to connect to socket /run/dbus/system_bus_socket: No such file or directory
[170547:170575:1007/090342.000591:ERROR:dbus/bus.cc:405] Failed to connect to the bus: Failed to connect to socket /run/dbus/system_bus_socket: No such file or directory
[170547:170547:1007/090342.000652:ERROR:dbus/object_proxy.cc:572] Failed to call method: org.freedesktop.DBus.NameHasOwner: object_path= /org/freedesktop/DBus: unknown error type: 
[170547:170547:1007/090342.000982:ERROR:dbus/object_proxy.cc:572] Failed to call method: org.freedesktop.DBus.NameHasOwner: object_path= /org/freedesktop/DBus: unknown error type: 
[170547:170575:1007/090342.001065:ERROR:dbus/bus.cc:405] Failed to connect to the bus: Could not parse server address: Unknown address type (examples of valid types are "tcp" and on UNIX "unix")
[170547:170587:1007/090342.024571:ERROR:content/browser/zygote_host/zygote_host_impl_linux.cc:279] Failed to adjust OOM score of renderer with pid 170634: Read-only file system (30)
[170547:170587:1007/090342.043752:ERROR:content/browser/zygote_host/zygote_host_impl_linux.cc:279] Failed to adjust OOM score of renderer with pid 170643: Read-only file system (30)
[170547:170587:1007/090342.056985:ERROR:content/browser/zygote_host/zygote_host_impl_linux.cc:279] Failed to adjust OOM score of renderer with pid 170650: Read-only file system (30)
[170547:170547:1007/090342.069405:ERROR:dbus/object_proxy.cc:572] Failed to call method: org.freedesktop.DBus.Properties.GetAll: object_path= /org/freedesktop/UPower/devices/DisplayDevice: unknown error type: 
[170547:170547:1007/090342.069697:ERROR:dbus/object_proxy.cc:572] Failed to call method: org.freedesktop.DBus.NameHasOwner: object_path= /org/freedesktop/DBus: unknown error type: 
[170547:170575:1007/090342.069770:ERROR:dbus/bus.cc:405] Failed to connect to the bus: Could not parse server address: Unknown address type (examples of valid types are "tcp" and on UNIX "unix")
[170547:170547:1007/090342.078239:ERROR:dbus/object_proxy.cc:572] Failed to call method: org.freedesktop.DBus.NameHasOwner: object_path= /org/freedesktop/DBus: unknown error type: 
[170547:170575:1007/090342.078313:ERROR:dbus/bus.cc:405] Failed to connect to the bus: Could not parse server address: Unknown address type (examples of valid types are "tcp" and on UNIX "unix")
[170547:170547:1007/090342.084072:ERROR:dbus/object_proxy.cc:572] Failed to call method: org.freedesktop.DBus.NameHasOwner: object_path= /org/freedesktop/DBus: unknown error type: 
Original single-line defect, API positive controls: [{"stored":[108,101,102,116,10,114,105,103,104,116],"input":[108,101,102,116,114,105,103,104,116],"exact":1,"sanitized":0},{"stored":[108,101,102,116,13,114,105,103,104,116],"input":[108,101,102,116,114,105,103,104,116],"exact":1,"sanitized":0},{"stored":[108,101,102,116,13,10,114,105,103,104,116],"input":[108,101,102,116,114,105,103,104,116],"exact":1,"sanitized":0}]
Surrogate entry: {"field":"label","codeUnits":[55296],"submitted":[],"total":1}
Surrogate entry: {"field":"label","codeUnits":[57343],"submitted":[],"total":1}
Surrogate entry: {"field":"label","codeUnits":[97,55296,98],"submitted":[],"total":1}
Surrogate entry: {"field":"label","codeUnits":[55296,55296],"submitted":[],"total":1}
Surrogate entry: {"field":"label","codeUnits":[56320,55296],"submitted":[],"total":1}
Surrogate entry: {"field":"group","codeUnits":[55296],"submitted":[],"total":1}
Surrogate entry: {"field":"group","codeUnits":[57343],"submitted":[],"total":1}
Surrogate entry: {"field":"group","codeUnits":[97,55296,98],"submitted":[],"total":1}
Surrogate entry: {"field":"group","codeUnits":[55296,55296],"submitted":[],"total":1}
Surrogate entry: {"field":"group","codeUnits":[56320,55296],"submitted":[],"total":1}
Surrogate entry: {"field":"rights","codeUnits":[55296],"submitted":[],"total":1}
Surrogate entry: {"field":"rights","codeUnits":[57343],"submitted":[],"total":1}
Surrogate entry: {"field":"rights","codeUnits":[97,55296,98],"submitted":[],"total":1}
Surrogate entry: {"field":"rights","codeUnits":[55296,55296],"submitted":[],"total":1}
Surrogate entry: {"field":"rights","codeUnits":[56320,55296],"submitted":[],"total":1}
Exact label/group/rights filters, lossless LF/CR/CRLF JSON entry and submitted codepoints, unknown retained notes, keyboard search, combined criteria, pagination, dynamic results/fixed pairs, preview/export, error recovery and narrow layout passed.
