Text classification proposal evidence: /workspace/scratch/tuldok-classification-dispatch-repair/fixtures/run-pUqZkM
[69935:69963:1007/111724.299946:ERROR:dbus/bus.cc:405] Failed to connect to the bus: Failed to connect to socket /run/dbus/system_bus_socket: No such file or directory
[69935:69963:1007/111724.311374:ERROR:dbus/bus.cc:405] Failed to connect to the bus: Could not parse server address: Unknown address type (examples of valid types are "tcp" and on UNIX "unix")
[69935:69963:1007/111724.311456:ERROR:dbus/bus.cc:405] Failed to connect to the bus: Failed to connect to socket /run/dbus/system_bus_socket: No such file or directory
[69935:69963:1007/111724.312335:ERROR:dbus/bus.cc:405] Failed to connect to the bus: Failed to connect to socket /run/dbus/system_bus_socket: No such file or directory
[69935:69963:1007/111724.312367:ERROR:dbus/bus.cc:405] Failed to connect to the bus: Could not parse server address: Unknown address type (examples of valid types are "tcp" and on UNIX "unix")
[69935:69974:1007/111724.320856:ERROR:content/browser/zygote_host/zygote_host_impl_linux.cc:279] Failed to adjust OOM score of renderer with pid 69976: Read-only file system (30)
[69935:69963:1007/111724.786240:ERROR:dbus/bus.cc:405] Failed to connect to the bus: Could not parse server address: Unknown address type (examples of valid types are "tcp" and on UNIX "unix")
[69935:69963:1007/111724.866376:ERROR:dbus/bus.cc:405] Failed to connect to the bus: Could not parse server address: Unknown address type (examples of valid types are "tcp" and on UNIX "unix")
[69935:69974:1007/111724.872693:ERROR:content/browser/zygote_host/zygote_host_impl_linux.cc:279] Failed to adjust OOM score of renderer with pid 69992: Read-only file system (30)

DevTools listening on ws://127.0.0.1:38933/devtools/browser/de9ff6bc-9f88-467c-aa13-8b98a377e7eb
[69935:69935:1007/111724.905240:ERROR:dbus/object_proxy.cc:572] Failed to call method: org.freedesktop.DBus.NameHasOwner: object_path= /org/freedesktop/DBus: unknown error type: 
[69935:69935:1007/111724.905416:ERROR:dbus/object_proxy.cc:572] Failed to call method: org.freedesktop.DBus.NameHasOwner: object_path= /org/freedesktop/DBus: unknown error type: 
[69935:69963:1007/111724.905442:ERROR:dbus/bus.cc:405] Failed to connect to the bus: Could not parse server address: Unknown address type (examples of valid types are "tcp" and on UNIX "unix")
[69935:69963:1007/111724.905464:ERROR:dbus/bus.cc:405] Failed to connect to the bus: Could not parse server address: Unknown address type (examples of valid types are "tcp" and on UNIX "unix")
[69935:69935:1007/111724.906719:ERROR:dbus/object_proxy.cc:572] Failed to call method: org.freedesktop.DBus.NameHasOwner: object_path= /org/freedesktop/DBus: unknown error type: 
[69935:69935:1007/111724.912581:ERROR:dbus/object_proxy.cc:572] Failed to call method: org.freedesktop.DBus.NameHasOwner: object_path= /org/freedesktop/DBus: unknown error type: 
[69935:69974:1007/111724.975651:ERROR:content/browser/zygote_host/zygote_host_impl_linux.cc:279] Failed to adjust OOM score of renderer with pid 70015: Read-only file system (30)
[69935:69974:1007/111725.025851:ERROR:content/browser/zygote_host/zygote_host_impl_linux.cc:279] Failed to adjust OOM score of renderer with pid 70022: Read-only file system (30)
[69935:69974:1007/111725.028362:ERROR:content/browser/zygote_host/zygote_host_impl_linux.cc:279] Failed to adjust OOM score of renderer with pid 70024: Read-only file system (30)
[69935:69935:1007/111725.055156:ERROR:dbus/object_proxy.cc:572] Failed to call method: org.freedesktop.DBus.NameHasOwner: object_path= /org/freedesktop/DBus: unknown error type: 
[69935:69935:1007/111725.055469:ERROR:dbus/object_proxy.cc:572] Failed to call method: org.freedesktop.DBus.NameHasOwner: object_path= /org/freedesktop/DBus: unknown error type: 
[69935:69963:1007/111725.056311:ERROR:dbus/bus.cc:405] Failed to connect to the bus: Failed to connect to socket /run/dbus/system_bus_socket: No such file or directory
[69935:69963:1007/111725.056357:ERROR:dbus/bus.cc:405] Failed to connect to the bus: Failed to connect to socket /run/dbus/system_bus_socket: No such file or directory
[69935:69963:1007/111725.056368:ERROR:dbus/bus.cc:405] Failed to connect to the bus: Could not parse server address: Unknown address type (examples of valid types are "tcp" and on UNIX "unix")
[69935:69935:1007/111725.096888:ERROR:dbus/object_proxy.cc:572] Failed to call method: org.freedesktop.DBus.Properties.GetAll: object_path= /org/freedesktop/UPower/devices/DisplayDevice: unknown error type: 
[69935:69935:1007/111725.096945:ERROR:dbus/object_proxy.cc:572] Failed to call method: org.freedesktop.DBus.NameHasOwner: object_path= /org/freedesktop/DBus: unknown error type: 
[69935:69963:1007/111725.097061:ERROR:dbus/bus.cc:405] Failed to connect to the bus: Could not parse server address: Unknown address type (examples of valid types are "tcp" and on UNIX "unix")
[69935:69935:1007/111725.124275:ERROR:dbus/object_proxy.cc:572] Failed to call method: org.freedesktop.DBus.NameHasOwner: object_path= /org/freedesktop/DBus: unknown error type: 
[69935:69963:1007/111725.125618:ERROR:dbus/bus.cc:405] Failed to connect to the bus: Could not parse server address: Unknown address type (examples of valid types are "tcp" and on UNIX "unix")
[69935:69935:1007/111725.137461:ERROR:dbus/object_proxy.cc:572] Failed to call method: org.freedesktop.DBus.NameHasOwner: object_path= /org/freedesktop/DBus: unknown error type: 
[69935:69974:1007/111733.608470:ERROR:content/browser/zygote_host/zygote_host_impl_linux.cc:279] Failed to adjust OOM score of renderer with pid 70382: Read-only file system (30)
Error: {"exceptionId":1,"text":"Uncaught","lineNumber":0,"columnNumber":0,"scriptId":"27","stackTrace":{"callFrames":[{"functionName":"","scriptId":"27","url":"","lineNumber":0,"columnNumber":0}]},"exception":{"type":"object","subtype":"error","className":"ReferenceError","description":"ReferenceError: dispatchBarrier is not defined\n    at <anonymous>:1:1","objectId":"6173145486443570153.2.2"}}
    at Object.run (/workspace/Tuldok/tests/browser_text_classification_proposals.cjs:227:164)
    at async until (/workspace/Tuldok/tests/browser_text_classification_proposals.cjs:11:61)
    at async /workspace/Tuldok/tests/browser_text_classification_proposals.cjs:250:142
Runtime errors: []
Page diagnostics: {"url":"about:blank","ready":"complete","scriptType":"undefined","body":"","viewport":390,"documentWidth":390,"overflow":[]}
