[98619:98646:1007/030319.859481:ERROR:dbus/bus.cc:405] Failed to connect to the bus: Failed to connect to socket /run/dbus/system_bus_socket: No such file or directory
[98619:98646:1007/030319.863294:ERROR:dbus/bus.cc:405] Failed to connect to the bus: Could not parse server address: Unknown address type (examples of valid types are "tcp" and on UNIX "unix")
[98619:98646:1007/030319.863357:ERROR:dbus/bus.cc:405] Failed to connect to the bus: Failed to connect to socket /run/dbus/system_bus_socket: No such file or directory
[98619:98646:1007/030319.863370:ERROR:dbus/bus.cc:405] Failed to connect to the bus: Failed to connect to socket /run/dbus/system_bus_socket: No such file or directory
[98619:98646:1007/030319.863531:ERROR:dbus/bus.cc:405] Failed to connect to the bus: Could not parse server address: Unknown address type (examples of valid types are "tcp" and on UNIX "unix")
[98619:98658:1007/030319.866935:ERROR:content/browser/zygote_host/zygote_host_impl_linux.cc:279] Failed to adjust OOM score of renderer with pid 98660: Read-only file system (30)
[98619:98646:1007/030320.239671:ERROR:dbus/bus.cc:405] Failed to connect to the bus: Could not parse server address: Unknown address type (examples of valid types are "tcp" and on UNIX "unix")
[98619:98646:1007/030320.268720:ERROR:dbus/bus.cc:405] Failed to connect to the bus: Could not parse server address: Unknown address type (examples of valid types are "tcp" and on UNIX "unix")
[98619:98658:1007/030320.269989:ERROR:content/browser/zygote_host/zygote_host_impl_linux.cc:279] Failed to adjust OOM score of renderer with pid 98676: Read-only file system (30)
[98619:98619:1007/030320.279534:ERROR:dbus/object_proxy.cc:572] Failed to call method: org.freedesktop.DBus.NameHasOwner: object_path= /org/freedesktop/DBus: unknown error type: 
[98619:98619:1007/030320.279594:ERROR:dbus/object_proxy.cc:572] Failed to call method: org.freedesktop.DBus.NameHasOwner: object_path= /org/freedesktop/DBus: unknown error type: 
[98619:98646:1007/030320.279618:ERROR:dbus/bus.cc:405] Failed to connect to the bus: Could not parse server address: Unknown address type (examples of valid types are "tcp" and on UNIX "unix")
[98619:98646:1007/030320.279630:ERROR:dbus/bus.cc:405] Failed to connect to the bus: Could not parse server address: Unknown address type (examples of valid types are "tcp" and on UNIX "unix")

DevTools listening on ws://127.0.0.1:46521/devtools/browser/17448736-32e1-47d6-aa90-7871bd9d5ff0
[98619:98619:1007/030320.294247:ERROR:dbus/object_proxy.cc:572] Failed to call method: org.freedesktop.DBus.NameHasOwner: object_path= /org/freedesktop/DBus: unknown error type: 
[98619:98619:1007/030320.296645:ERROR:dbus/object_proxy.cc:572] Failed to call method: org.freedesktop.DBus.NameHasOwner: object_path= /org/freedesktop/DBus: unknown error type: 
[98619:98619:1007/030320.297899:ERROR:dbus/object_proxy.cc:572] Failed to call method: org.freedesktop.DBus.NameHasOwner: object_path= /org/freedesktop/DBus: unknown error type: 
[98619:98619:1007/030320.298016:ERROR:dbus/object_proxy.cc:572] Failed to call method: org.freedesktop.DBus.NameHasOwner: object_path= /org/freedesktop/DBus: unknown error type: 
[98619:98646:1007/030320.298191:ERROR:dbus/bus.cc:405] Failed to connect to the bus: Failed to connect to socket /run/dbus/system_bus_socket: No such file or directory
[98619:98646:1007/030320.298208:ERROR:dbus/bus.cc:405] Failed to connect to the bus: Failed to connect to socket /run/dbus/system_bus_socket: No such file or directory
[98619:98646:1007/030320.298214:ERROR:dbus/bus.cc:405] Failed to connect to the bus: Could not parse server address: Unknown address type (examples of valid types are "tcp" and on UNIX "unix")
[98619:98658:1007/030320.321787:ERROR:content/browser/zygote_host/zygote_host_impl_linux.cc:279] Failed to adjust OOM score of renderer with pid 98707: Read-only file system (30)
[98619:98658:1007/030320.348785:ERROR:content/browser/zygote_host/zygote_host_impl_linux.cc:279] Failed to adjust OOM score of renderer with pid 98716: Read-only file system (30)
[98619:98658:1007/030320.350747:ERROR:content/browser/zygote_host/zygote_host_impl_linux.cc:279] Failed to adjust OOM score of renderer with pid 98723: Read-only file system (30)
[98619:98619:1007/030320.361431:ERROR:dbus/object_proxy.cc:572] Failed to call method: org.freedesktop.DBus.Properties.GetAll: object_path= /org/freedesktop/UPower/devices/DisplayDevice: unknown error type: 
[98619:98619:1007/030320.361490:ERROR:dbus/object_proxy.cc:572] Failed to call method: org.freedesktop.DBus.NameHasOwner: object_path= /org/freedesktop/DBus: unknown error type: 
[98619:98646:1007/030320.361631:ERROR:dbus/bus.cc:405] Failed to connect to the bus: Could not parse server address: Unknown address type (examples of valid types are "tcp" and on UNIX "unix")
[98619:98619:1007/030320.368638:ERROR:dbus/object_proxy.cc:572] Failed to call method: org.freedesktop.DBus.NameHasOwner: object_path= /org/freedesktop/DBus: unknown error type: 
[98619:98646:1007/030320.368965:ERROR:dbus/bus.cc:405] Failed to connect to the bus: Could not parse server address: Unknown address type (examples of valid types are "tcp" and on UNIX "unix")
[98619:98619:1007/030320.373910:ERROR:dbus/object_proxy.cc:572] Failed to call method: org.freedesktop.DBus.NameHasOwner: object_path= /org/freedesktop/DBus: unknown error type: 
Original single-line defect, API positive controls: [{"stored":[108,101,102,116,10,114,105,103,104,116],"input":[108,101,102,116,114,105,103,104,116],"exact":1,"sanitized":0},{"stored":[108,101,102,116,13,114,105,103,104,116],"input":[108,101,102,116,114,105,103,104,116],"exact":1,"sanitized":0},{"stored":[108,101,102,116,13,10,114,105,103,104,116],"input":[108,101,102,116,114,105,103,104,116],"exact":1,"sanitized":0}]
Surrogate entry: {"field":"label","codeUnits":[55296],"submitted":[],"total":1}
Surrogate entry: {"field":"label","codeUnits":[57343],"submitted":[],"total":1}
Surrogate entry: {"field":"label","codeUnits":[97,55296,98],"submitted":[],"total":1}
Surrogate entry: {"field":"label","codeUnits":[55296,55296],"submitted":[],"total":1}
Surrogate entry: {"field":"label","codeUnits":[56320,55296],"submitted":[],"total":1}
Surrogate entry: {"field":"group","codeUnits":[55296],"submitted":[],"total":1}
Surrogate entry: {"field":"group","codeUnits":[57343],"submitted":[],"total":1}
Surrogate entry: {"field":"group","codeUnits":[97,55296,98],"submitted":[],"total":1}
Surrogate entry: {"field":"group","codeUnits":[55296,55296],"submitted":[],"total":1}
Surrogate entry: {"field":"group","codeUnits":[56320,55296],"submitted":[],"total":1}
Surrogate entry: {"field":"rights","codeUnits":[55296],"submitted":[],"total":1}
Surrogate entry: {"field":"rights","codeUnits":[57343],"submitted":[],"total":1}
Surrogate entry: {"field":"rights","codeUnits":[97,55296,98],"submitted":[],"total":1}
Surrogate entry: {"field":"rights","codeUnits":[55296,55296],"submitted":[],"total":1}
Surrogate entry: {"field":"rights","codeUnits":[56320,55296],"submitted":[],"total":1}
Exact label/group/rights filters, lossless LF/CR/CRLF JSON entry and submitted codepoints, unknown retained notes, keyboard search, combined criteria, pagination, dynamic results/fixed pairs, preview/export, error recovery and narrow layout passed.
