Text classification proposal evidence: /workspace/Tuldok/test-results/text-classification-proposals/run-OwOWJN
[30129:30156:1007/090234.731733:ERROR:dbus/bus.cc:405] Failed to connect to the bus: Failed to connect to socket /run/dbus/system_bus_socket: No such file or directory
[30129:30156:1007/090234.756233:ERROR:dbus/bus.cc:405] Failed to connect to the bus: Could not parse server address: Unknown address type (examples of valid types are "tcp" and on UNIX "unix")
[30129:30156:1007/090234.756760:ERROR:dbus/bus.cc:405] Failed to connect to the bus: Failed to connect to socket /run/dbus/system_bus_socket: No such file or directory
[30129:30156:1007/090234.756788:ERROR:dbus/bus.cc:405] Failed to connect to the bus: Failed to connect to socket /run/dbus/system_bus_socket: No such file or directory
[30129:30156:1007/090234.756793:ERROR:dbus/bus.cc:405] Failed to connect to the bus: Could not parse server address: Unknown address type (examples of valid types are "tcp" and on UNIX "unix")
[30129:30168:1007/090234.826626:ERROR:content/browser/zygote_host/zygote_host_impl_linux.cc:279] Failed to adjust OOM score of renderer with pid 30170: Read-only file system (30)
[30129:30156:1007/090235.263277:ERROR:dbus/bus.cc:405] Failed to connect to the bus: Could not parse server address: Unknown address type (examples of valid types are "tcp" and on UNIX "unix")
[30129:30156:1007/090235.460534:ERROR:dbus/bus.cc:405] Failed to connect to the bus: Could not parse server address: Unknown address type (examples of valid types are "tcp" and on UNIX "unix")
[30129:30168:1007/090235.460792:ERROR:content/browser/zygote_host/zygote_host_impl_linux.cc:279] Failed to adjust OOM score of renderer with pid 30186: Read-only file system (30)

DevTools listening on ws://127.0.0.1:41677/devtools/browser/43f0d779-f3ed-459b-9f82-a63be768d15f
[30129:30129:1007/090235.540800:ERROR:dbus/object_proxy.cc:572] Failed to call method: org.freedesktop.DBus.NameHasOwner: object_path= /org/freedesktop/DBus: unknown error type: 
[30129:30129:1007/090235.540890:ERROR:dbus/object_proxy.cc:572] Failed to call method: org.freedesktop.DBus.NameHasOwner: object_path= /org/freedesktop/DBus: unknown error type: 
[30129:30156:1007/090235.540911:ERROR:dbus/bus.cc:405] Failed to connect to the bus: Could not parse server address: Unknown address type (examples of valid types are "tcp" and on UNIX "unix")
[30129:30156:1007/090235.540931:ERROR:dbus/bus.cc:405] Failed to connect to the bus: Could not parse server address: Unknown address type (examples of valid types are "tcp" and on UNIX "unix")
[30129:30129:1007/090235.542222:ERROR:dbus/object_proxy.cc:572] Failed to call method: org.freedesktop.DBus.NameHasOwner: object_path= /org/freedesktop/DBus: unknown error type: 
[30129:30129:1007/090235.550824:ERROR:dbus/object_proxy.cc:572] Failed to call method: org.freedesktop.DBus.NameHasOwner: object_path= /org/freedesktop/DBus: unknown error type: 
[30129:30168:1007/090235.628639:ERROR:content/browser/zygote_host/zygote_host_impl_linux.cc:279] Failed to adjust OOM score of renderer with pid 30212: Read-only file system (30)
[30129:30168:1007/090235.721410:ERROR:content/browser/zygote_host/zygote_host_impl_linux.cc:279] Failed to adjust OOM score of renderer with pid 30222: Read-only file system (30)
[30129:30168:1007/090235.722631:ERROR:content/browser/zygote_host/zygote_host_impl_linux.cc:279] Failed to adjust OOM score of renderer with pid 30223: Read-only file system (30)
[30129:30156:1007/090235.742845:ERROR:dbus/bus.cc:405] Failed to connect to the bus: Failed to connect to socket /run/dbus/system_bus_socket: No such file or directory
[30129:30129:1007/090235.742864:ERROR:dbus/object_proxy.cc:572] Failed to call method: org.freedesktop.DBus.NameHasOwner: object_path= /org/freedesktop/DBus: unknown error type: 
[30129:30156:1007/090235.742872:ERROR:dbus/bus.cc:405] Failed to connect to the bus: Failed to connect to socket /run/dbus/system_bus_socket: No such file or directory
[30129:30129:1007/090235.743105:ERROR:dbus/object_proxy.cc:572] Failed to call method: org.freedesktop.DBus.NameHasOwner: object_path= /org/freedesktop/DBus: unknown error type: 
[30129:30156:1007/090235.743229:ERROR:dbus/bus.cc:405] Failed to connect to the bus: Could not parse server address: Unknown address type (examples of valid types are "tcp" and on UNIX "unix")
[30129:30129:1007/090235.787717:ERROR:dbus/object_proxy.cc:572] Failed to call method: org.freedesktop.DBus.Properties.GetAll: object_path= /org/freedesktop/UPower/devices/DisplayDevice: unknown error type: 
[30129:30129:1007/090235.792332:ERROR:dbus/object_proxy.cc:572] Failed to call method: org.freedesktop.DBus.NameHasOwner: object_path= /org/freedesktop/DBus: unknown error type: 
[30129:30156:1007/090235.792418:ERROR:dbus/bus.cc:405] Failed to connect to the bus: Could not parse server address: Unknown address type (examples of valid types are "tcp" and on UNIX "unix")
[30129:30129:1007/090235.812955:ERROR:dbus/object_proxy.cc:572] Failed to call method: org.freedesktop.DBus.NameHasOwner: object_path= /org/freedesktop/DBus: unknown error type: 
[30129:30156:1007/090235.815996:ERROR:dbus/bus.cc:405] Failed to connect to the bus: Could not parse server address: Unknown address type (examples of valid types are "tcp" and on UNIX "unix")
[30129:30129:1007/090235.834603:ERROR:dbus/object_proxy.cc:572] Failed to call method: org.freedesktop.DBus.NameHasOwner: object_path= /org/freedesktop/DBus: unknown error type: 
AssertionError [ERR_ASSERTION]: {"error":"Classification request not found.","code":"unavailable"}
    at request (/workspace/Tuldok/tests/browser_text_classification_proposals.cjs:35:224)
    at process.processTicksAndRejections (node:internal/process/task_queues:104:5)
    at async /workspace/Tuldok/tests/browser_text_classification_proposals.cjs:135:154
    at async until (/workspace/Tuldok/tests/browser_text_classification_proposals.cjs:10:61)
    at async /workspace/Tuldok/tests/browser_text_classification_proposals.cjs:135:131 {
  generatedMessage: false,
  code: 'ERR_ASSERTION',
  actual: false,
  expected: true,
  operator: '==',
  diff: 'simple'
}
Runtime errors: []
Page diagnostics: {"url":"http://127.0.0.1:38047/workbench#selection=5567f759c42a4480858eef6c8159f1fc","ready":"complete","notice":"Record loaded.","classificationStatus":"An earlier request has an unknown acknowledgement. Refresh requests before changing its intent. Refresh requests to reconcile. An explicit repeat of this unchanged request uses the same ID; no automatic retry.","classificationModels":1,"scriptType":"function","body":"← Corner studio\nDataset workbench\n\nReal assets, explicit targets, reproducible releases.\n\nDevelopment workspace\n\nRecord loaded.\n\nCollection\nSearch\nType\nAll assets\nText\nTask\nAll tasks\nImage detection\nImage classification\nImage caption\nText classification\nText entities\nReview\nAll states\nDraft\nHuman reviewed\nProgrammatically verified\nSort\nNewest\nOldest\nName\nReview\nExact filter entry\nPlain text\nJSON strings · preserves line breaks\nTarget label (exact)\nProtected source/group (exact)\nRights note (exact)\n\nExact, case-sensitive values; leave blank for any. For values with line breaks, choose JSON strings and enter double-quoted values: \"first\\nsecond\" for LF, \\r for CR and \\r\\n for CRLF. Escape literal backslashes as \\\\ and quotes as \\\". Groups match IDs stored on the record, not all related sources. Rights notes are metadata, not permission decisions. Missing notes appear as unknown. Filtered results are dynamic; saved fixed membership and release selection stay separate.\n\nSearch collection\n\n4 records · 2 unlabeled · 4 protected groups · 0 exact duplicates · 0 unknown rights. Labels: cancel (1), keep (1). Exact matching only; balance is not coverage.\n\nSelect page\nClear selection\nSaved fixed selections\n\nSave the chosen records at their exact revisions. Searches and filters stay separate; saving or opening never approves annotations.\n\nSelection name\nSave selected records as a new set\nSaved set\nChoose a saved selection\nFixed text set · 2 fixed records\nOpen fixed selection\nRefresh saved","viewport":1400,"documentWidth":1385,"overflow":[]}
