[82285:82313:1007/024101.961056:ERROR:dbus/bus.cc:405] Failed to connect to the bus: Failed to connect to socket /run/dbus/system_bus_socket: No such file or directory
[82285:82313:1007/024101.964349:ERROR:dbus/bus.cc:405] Failed to connect to the bus: Could not parse server address: Unknown address type (examples of valid types are "tcp" and on UNIX "unix")
[82285:82313:1007/024101.964412:ERROR:dbus/bus.cc:405] Failed to connect to the bus: Failed to connect to socket /run/dbus/system_bus_socket: No such file or directory
[82285:82313:1007/024101.964523:ERROR:dbus/bus.cc:405] Failed to connect to the bus: Failed to connect to socket /run/dbus/system_bus_socket: No such file or directory
[82285:82313:1007/024101.964529:ERROR:dbus/bus.cc:405] Failed to connect to the bus: Could not parse server address: Unknown address type (examples of valid types are "tcp" and on UNIX "unix")
[82285:82325:1007/024101.968246:ERROR:content/browser/zygote_host/zygote_host_impl_linux.cc:279] Failed to adjust OOM score of renderer with pid 82327: Read-only file system (30)
[82285:82313:1007/024102.277423:ERROR:dbus/bus.cc:405] Failed to connect to the bus: Could not parse server address: Unknown address type (examples of valid types are "tcp" and on UNIX "unix")
[82285:82313:1007/024102.317012:ERROR:dbus/bus.cc:405] Failed to connect to the bus: Could not parse server address: Unknown address type (examples of valid types are "tcp" and on UNIX "unix")
[82285:82325:1007/024102.317161:ERROR:content/browser/zygote_host/zygote_host_impl_linux.cc:279] Failed to adjust OOM score of renderer with pid 82343: Read-only file system (30)
[82285:82285:1007/024102.332848:ERROR:dbus/object_proxy.cc:572] Failed to call method: org.freedesktop.DBus.NameHasOwner: object_path= /org/freedesktop/DBus: unknown error type: 
[82285:82285:1007/024102.332917:ERROR:dbus/object_proxy.cc:572] Failed to call method: org.freedesktop.DBus.NameHasOwner: object_path= /org/freedesktop/DBus: unknown error type: 
[82285:82313:1007/024102.332935:ERROR:dbus/bus.cc:405] Failed to connect to the bus: Could not parse server address: Unknown address type (examples of valid types are "tcp" and on UNIX "unix")
[82285:82313:1007/024102.332947:ERROR:dbus/bus.cc:405] Failed to connect to the bus: Could not parse server address: Unknown address type (examples of valid types are "tcp" and on UNIX "unix")

DevTools listening on ws://127.0.0.1:37877/devtools/browser/89041acf-8529-4632-8d38-a62bfb19b06d
[82285:82285:1007/024102.348932:ERROR:dbus/object_proxy.cc:572] Failed to call method: org.freedesktop.DBus.NameHasOwner: object_path= /org/freedesktop/DBus: unknown error type: 
[82285:82285:1007/024102.351145:ERROR:dbus/object_proxy.cc:572] Failed to call method: org.freedesktop.DBus.NameHasOwner: object_path= /org/freedesktop/DBus: unknown error type: 
[82285:82285:1007/024102.354232:ERROR:dbus/object_proxy.cc:572] Failed to call method: org.freedesktop.DBus.NameHasOwner: object_path= /org/freedesktop/DBus: unknown error type: 
[82285:82285:1007/024102.354339:ERROR:dbus/object_proxy.cc:572] Failed to call method: org.freedesktop.DBus.NameHasOwner: object_path= /org/freedesktop/DBus: unknown error type: 
[82285:82313:1007/024102.354413:ERROR:dbus/bus.cc:405] Failed to connect to the bus: Failed to connect to socket /run/dbus/system_bus_socket: No such file or directory
[82285:82313:1007/024102.354430:ERROR:dbus/bus.cc:405] Failed to connect to the bus: Failed to connect to socket /run/dbus/system_bus_socket: No such file or directory
[82285:82313:1007/024102.354435:ERROR:dbus/bus.cc:405] Failed to connect to the bus: Could not parse server address: Unknown address type (examples of valid types are "tcp" and on UNIX "unix")
[82285:82325:1007/024102.375771:ERROR:content/browser/zygote_host/zygote_host_impl_linux.cc:279] Failed to adjust OOM score of renderer with pid 82372: Read-only file system (30)
[82285:82325:1007/024102.394203:ERROR:content/browser/zygote_host/zygote_host_impl_linux.cc:279] Failed to adjust OOM score of renderer with pid 82381: Read-only file system (30)
[82285:82325:1007/024102.415002:ERROR:content/browser/zygote_host/zygote_host_impl_linux.cc:279] Failed to adjust OOM score of renderer with pid 82390: Read-only file system (30)
[82285:82285:1007/024102.428822:ERROR:dbus/object_proxy.cc:572] Failed to call method: org.freedesktop.DBus.Properties.GetAll: object_path= /org/freedesktop/UPower/devices/DisplayDevice: unknown error type: 
[82285:82285:1007/024102.428845:ERROR:dbus/object_proxy.cc:572] Failed to call method: org.freedesktop.DBus.NameHasOwner: object_path= /org/freedesktop/DBus: unknown error type: 
[82285:82313:1007/024102.428933:ERROR:dbus/bus.cc:405] Failed to connect to the bus: Could not parse server address: Unknown address type (examples of valid types are "tcp" and on UNIX "unix")
[82285:82285:1007/024102.439594:ERROR:dbus/object_proxy.cc:572] Failed to call method: org.freedesktop.DBus.NameHasOwner: object_path= /org/freedesktop/DBus: unknown error type: 
[82285:82313:1007/024102.440544:ERROR:dbus/bus.cc:405] Failed to connect to the bus: Could not parse server address: Unknown address type (examples of valid types are "tcp" and on UNIX "unix")
[82285:82285:1007/024102.448936:ERROR:dbus/object_proxy.cc:572] Failed to call method: org.freedesktop.DBus.NameHasOwner: object_path= /org/freedesktop/DBus: unknown error type: 
Combined browser: curation later response intent
AssertionError [ERR_ASSERTION]: Captured panel must be in the viewport
    at capture (/workspace/Tuldok-combined-workbench-local/tests/browser_combined_workbench.cjs:46:12)
    at async /workspace/Tuldok-combined-workbench-local/tests/browser_combined_workbench.cjs:73:101 {
  generatedMessage: false,
  code: 'ERR_ASSERTION',
  actual: false,
  expected: true,
  operator: '==',
  diff: 'simple'
}
Runtime errors: []
Page diagnostics: {"url":"http://127.0.0.1:35083/workbench","notice":"Record loaded.","status":"","results":"","body":"← Corner studio\nDataset workbench\n\nReal assets, explicit targets, reproducible releases.\n\nDevelopment workspace\n\nRecord loaded.\n\nCollection\nSearch\nType\nAll assets\nText\nTask\nAll tasks\nImage detection\nImage classification\nImage caption\nText classification\nText entities\nReview\nAll states\nDraft\nHuman reviewed\nProgrammatically verified\nSort\nNewest\nOldest\nName\nReview\nExact filter entry\nPlain text\nJSON strings · preserves line breaks\nTarget label (exact)\nProtected source/group (exact)\nRights note (exact)\n\nExact, case-sensitive values; leave blank for any. For values with line breaks, choose JSON strings and enter double-quoted values: \"first\\nsecond\" for LF, \\r for CR and \\r\\n for CRLF. Escape literal backslashes as \\\\ and quotes as \\\". Groups match IDs stored on the record, not all related sources. Rights notes are metadata, not permission decisions. Missing notes appear as unknown. Filtered results are dynamic; saved fixed membership and release selection stay separate.\n\nSearch collection\n\n1 records · 1 unlabeled · 1 protected groups · 0 exact duplicates · 0 unknown rights. Labels: none. Exact matching only; balance is not coverage.\n\nSelect page\nClear selection\nSaved fixed selections\n\nSave the chosen records at their exact revisions. Searches and filters stay separate; saving or opening never approves annotations.\n\nSelection name\nSave selected records as a new set\nSaved set\nChoose a saved selection\nOpen fixed selection\nRefresh saved sets\nNew name\nRename saved set\nDelete saved set\n\nCurrent selection changed. Saved sets retain their original membership and revisions.\n\nCuration diagnostics\n\nInspect current metadata in all applied collection results or exact selected IDs. Selection revision pairs stay fixed. Counts describe metadata, not permission or model quality. Missing sour"}
