[76442:76469:1007/023313.753394:ERROR:dbus/bus.cc:405] Failed to connect to the bus: Failed to connect to socket /run/dbus/system_bus_socket: No such file or directory
[76442:76469:1007/023313.757276:ERROR:dbus/bus.cc:405] Failed to connect to the bus: Could not parse server address: Unknown address type (examples of valid types are "tcp" and on UNIX "unix")
[76442:76469:1007/023313.757345:ERROR:dbus/bus.cc:405] Failed to connect to the bus: Failed to connect to socket /run/dbus/system_bus_socket: No such file or directory
[76442:76469:1007/023313.757369:ERROR:dbus/bus.cc:405] Failed to connect to the bus: Failed to connect to socket /run/dbus/system_bus_socket: No such file or directory
[76442:76469:1007/023313.757375:ERROR:dbus/bus.cc:405] Failed to connect to the bus: Could not parse server address: Unknown address type (examples of valid types are "tcp" and on UNIX "unix")
[76442:76481:1007/023313.762058:ERROR:content/browser/zygote_host/zygote_host_impl_linux.cc:279] Failed to adjust OOM score of renderer with pid 76483: Read-only file system (30)
[76442:76469:1007/023314.082145:ERROR:dbus/bus.cc:405] Failed to connect to the bus: Could not parse server address: Unknown address type (examples of valid types are "tcp" and on UNIX "unix")
[76442:76469:1007/023314.110541:ERROR:dbus/bus.cc:405] Failed to connect to the bus: Could not parse server address: Unknown address type (examples of valid types are "tcp" and on UNIX "unix")
[76442:76481:1007/023314.110897:ERROR:content/browser/zygote_host/zygote_host_impl_linux.cc:279] Failed to adjust OOM score of renderer with pid 76499: Read-only file system (30)
[76442:76442:1007/023314.121845:ERROR:dbus/object_proxy.cc:572] Failed to call method: org.freedesktop.DBus.NameHasOwner: object_path= /org/freedesktop/DBus: unknown error type: 
[76442:76442:1007/023314.121909:ERROR:dbus/object_proxy.cc:572] Failed to call method: org.freedesktop.DBus.NameHasOwner: object_path= /org/freedesktop/DBus: unknown error type: 
[76442:76469:1007/023314.121927:ERROR:dbus/bus.cc:405] Failed to connect to the bus: Could not parse server address: Unknown address type (examples of valid types are "tcp" and on UNIX "unix")
[76442:76469:1007/023314.121940:ERROR:dbus/bus.cc:405] Failed to connect to the bus: Could not parse server address: Unknown address type (examples of valid types are "tcp" and on UNIX "unix")

DevTools listening on ws://127.0.0.1:38561/devtools/browser/ec2f6afe-d572-470c-88eb-deaa1851daf2
[76442:76442:1007/023314.132607:ERROR:dbus/object_proxy.cc:572] Failed to call method: org.freedesktop.DBus.NameHasOwner: object_path= /org/freedesktop/DBus: unknown error type: 
[76442:76442:1007/023314.135246:ERROR:dbus/object_proxy.cc:572] Failed to call method: org.freedesktop.DBus.NameHasOwner: object_path= /org/freedesktop/DBus: unknown error type: 
[76442:76442:1007/023314.136388:ERROR:dbus/object_proxy.cc:572] Failed to call method: org.freedesktop.DBus.NameHasOwner: object_path= /org/freedesktop/DBus: unknown error type: 
[76442:76469:1007/023314.136405:ERROR:dbus/bus.cc:405] Failed to connect to the bus: Failed to connect to socket /run/dbus/system_bus_socket: No such file or directory
[76442:76469:1007/023314.136427:ERROR:dbus/bus.cc:405] Failed to connect to the bus: Failed to connect to socket /run/dbus/system_bus_socket: No such file or directory
[76442:76442:1007/023314.136560:ERROR:dbus/object_proxy.cc:572] Failed to call method: org.freedesktop.DBus.NameHasOwner: object_path= /org/freedesktop/DBus: unknown error type: 
[76442:76469:1007/023314.137025:ERROR:dbus/bus.cc:405] Failed to connect to the bus: Could not parse server address: Unknown address type (examples of valid types are "tcp" and on UNIX "unix")
[76442:76481:1007/023314.160042:ERROR:content/browser/zygote_host/zygote_host_impl_linux.cc:279] Failed to adjust OOM score of renderer with pid 76530: Read-only file system (30)
[76442:76481:1007/023314.180760:ERROR:content/browser/zygote_host/zygote_host_impl_linux.cc:279] Failed to adjust OOM score of renderer with pid 76539: Read-only file system (30)
[76442:76481:1007/023314.194219:ERROR:content/browser/zygote_host/zygote_host_impl_linux.cc:279] Failed to adjust OOM score of renderer with pid 76548: Read-only file system (30)
[76442:76442:1007/023314.207442:ERROR:dbus/object_proxy.cc:572] Failed to call method: org.freedesktop.DBus.Properties.GetAll: object_path= /org/freedesktop/UPower/devices/DisplayDevice: unknown error type: 
[76442:76442:1007/023314.207931:ERROR:dbus/object_proxy.cc:572] Failed to call method: org.freedesktop.DBus.NameHasOwner: object_path= /org/freedesktop/DBus: unknown error type: 
[76442:76469:1007/023314.208042:ERROR:dbus/bus.cc:405] Failed to connect to the bus: Could not parse server address: Unknown address type (examples of valid types are "tcp" and on UNIX "unix")
[76442:76442:1007/023314.216092:ERROR:dbus/object_proxy.cc:572] Failed to call method: org.freedesktop.DBus.NameHasOwner: object_path= /org/freedesktop/DBus: unknown error type: 
[76442:76469:1007/023314.216481:ERROR:dbus/bus.cc:405] Failed to connect to the bus: Could not parse server address: Unknown address type (examples of valid types are "tcp" and on UNIX "unix")
[76442:76442:1007/023314.224967:ERROR:dbus/object_proxy.cc:572] Failed to call method: org.freedesktop.DBus.NameHasOwner: object_path= /org/freedesktop/DBus: unknown error type: 
Combined browser: curation later response intent
Combined browser: rights later response intent
Combined browser: native Stop/lost acknowledgement with response draft
Combined browser: explicit imported-label review, note, canonical download
Error: Timed out
    at until (/workspace/Tuldok-combined-workbench-local/tests/browser_combined_workbench.cjs:9:118)
    at async /workspace/Tuldok-combined-workbench-local/tests/browser_combined_workbench.cjs:119:3
Runtime errors: []
Page diagnostics: {"url":"http://127.0.0.1:37603/workbench","notice":"Collection ready.","status":"","results":"","body":"← Corner studio\nDataset workbench\n\nReal assets, explicit targets, reproducible releases.\n\nDevelopment workspace\n\nCollection ready.\n\nCollection\nSearch\nType\nAll assets\nText\nTask\nAll tasks\nImage detection\nImage classification\nImage caption\nText classification\nText entities\nReview\nAll states\nDraft\nHuman reviewed\nProgrammatically verified\nSort\nNewest\nOldest\nName\nReview\nExact filter entry\nPlain text\nJSON strings · preserves line breaks\nTarget label (exact)\nProtected source/group (exact)\nRights note (exact)\n\nExact, case-sensitive values; leave blank for any. For values with line breaks, choose JSON strings and enter double-quoted values: \"first\\nsecond\" for LF, \\r for CR and \\r\\n for CRLF. Escape literal backslashes as \\\\ and quotes as \\\". Groups match IDs stored on the record, not all related sources. Rights notes are metadata, not permission decisions. Missing notes appear as unknown. Filtered results are dynamic; saved fixed membership and release selection stay separate.\n\nSearch collection\n\n3 records · 1 unlabeled · 4 protected groups · 0 exact duplicates · 1 unknown rights. Labels: class-2 (2). Exact matching only; balance is not coverage.\n\nSelect page\nClear selection\nSaved fixed selections\n\nSave the chosen records at their exact revisions. Searches and filters stay separate; saving or opening never approves annotations.\n\nSelection name\nSave selected records as a new set\nSaved set\nChoose a saved selection\nCombined imported record · 1 fixed records\nOpen fixed selection\nRefresh saved sets\nNew name\nRename saved set\nDelete saved set\n\nCuration diagnostics\n\nInspect current metadata in all applied collection results or exact selected IDs. Selection revision pairs stay fixed. Counts describe metadata, not permission or model quality. Missing sources means deleted source records; "}
