[76169:76198:1007/023132.389748:ERROR:dbus/bus.cc:405] Failed to connect to the bus: Failed to connect to socket /run/dbus/system_bus_socket: No such file or directory
[76169:76198:1007/023132.393646:ERROR:dbus/bus.cc:405] Failed to connect to the bus: Could not parse server address: Unknown address type (examples of valid types are "tcp" and on UNIX "unix")
[76169:76198:1007/023132.393773:ERROR:dbus/bus.cc:405] Failed to connect to the bus: Failed to connect to socket /run/dbus/system_bus_socket: No such file or directory
[76169:76198:1007/023132.394015:ERROR:dbus/bus.cc:405] Failed to connect to the bus: Failed to connect to socket /run/dbus/system_bus_socket: No such file or directory
[76169:76198:1007/023132.394024:ERROR:dbus/bus.cc:405] Failed to connect to the bus: Could not parse server address: Unknown address type (examples of valid types are "tcp" and on UNIX "unix")
[76169:76208:1007/023132.398659:ERROR:content/browser/zygote_host/zygote_host_impl_linux.cc:279] Failed to adjust OOM score of renderer with pid 76210: Read-only file system (30)
[76169:76198:1007/023132.716173:ERROR:dbus/bus.cc:405] Failed to connect to the bus: Could not parse server address: Unknown address type (examples of valid types are "tcp" and on UNIX "unix")
[76169:76198:1007/023132.748745:ERROR:dbus/bus.cc:405] Failed to connect to the bus: Could not parse server address: Unknown address type (examples of valid types are "tcp" and on UNIX "unix")
[76169:76208:1007/023132.749039:ERROR:content/browser/zygote_host/zygote_host_impl_linux.cc:279] Failed to adjust OOM score of renderer with pid 76227: Read-only file system (30)
[76169:76169:1007/023132.757759:ERROR:dbus/object_proxy.cc:572] Failed to call method: org.freedesktop.DBus.NameHasOwner: object_path= /org/freedesktop/DBus: unknown error type: 
[76169:76169:1007/023132.757830:ERROR:dbus/object_proxy.cc:572] Failed to call method: org.freedesktop.DBus.NameHasOwner: object_path= /org/freedesktop/DBus: unknown error type: 
[76169:76198:1007/023132.757842:ERROR:dbus/bus.cc:405] Failed to connect to the bus: Could not parse server address: Unknown address type (examples of valid types are "tcp" and on UNIX "unix")
[76169:76198:1007/023132.757854:ERROR:dbus/bus.cc:405] Failed to connect to the bus: Could not parse server address: Unknown address type (examples of valid types are "tcp" and on UNIX "unix")

DevTools listening on ws://127.0.0.1:39953/devtools/browser/e2da75eb-928a-4ea5-a035-d11e731dd7b2
[76169:76169:1007/023132.761906:ERROR:dbus/object_proxy.cc:572] Failed to call method: org.freedesktop.DBus.NameHasOwner: object_path= /org/freedesktop/DBus: unknown error type: 
[76169:76169:1007/023132.764763:ERROR:dbus/object_proxy.cc:572] Failed to call method: org.freedesktop.DBus.NameHasOwner: object_path= /org/freedesktop/DBus: unknown error type: 
[76169:76169:1007/023132.765734:ERROR:dbus/object_proxy.cc:572] Failed to call method: org.freedesktop.DBus.NameHasOwner: object_path= /org/freedesktop/DBus: unknown error type: 
[76169:76198:1007/023132.765751:ERROR:dbus/bus.cc:405] Failed to connect to the bus: Failed to connect to socket /run/dbus/system_bus_socket: No such file or directory
[76169:76198:1007/023132.765768:ERROR:dbus/bus.cc:405] Failed to connect to the bus: Failed to connect to socket /run/dbus/system_bus_socket: No such file or directory
[76169:76169:1007/023132.765835:ERROR:dbus/object_proxy.cc:572] Failed to call method: org.freedesktop.DBus.NameHasOwner: object_path= /org/freedesktop/DBus: unknown error type: 
[76169:76198:1007/023132.765875:ERROR:dbus/bus.cc:405] Failed to connect to the bus: Could not parse server address: Unknown address type (examples of valid types are "tcp" and on UNIX "unix")
[76169:76208:1007/023132.794671:ERROR:content/browser/zygote_host/zygote_host_impl_linux.cc:279] Failed to adjust OOM score of renderer with pid 76256: Read-only file system (30)
[76169:76208:1007/023132.813653:ERROR:content/browser/zygote_host/zygote_host_impl_linux.cc:279] Failed to adjust OOM score of renderer with pid 76263: Read-only file system (30)
[76169:76208:1007/023132.827787:ERROR:content/browser/zygote_host/zygote_host_impl_linux.cc:279] Failed to adjust OOM score of renderer with pid 76272: Read-only file system (30)
[76169:76169:1007/023132.838660:ERROR:dbus/object_proxy.cc:572] Failed to call method: org.freedesktop.DBus.Properties.GetAll: object_path= /org/freedesktop/UPower/devices/DisplayDevice: unknown error type: 
[76169:76169:1007/023132.838901:ERROR:dbus/object_proxy.cc:572] Failed to call method: org.freedesktop.DBus.NameHasOwner: object_path= /org/freedesktop/DBus: unknown error type: 
[76169:76198:1007/023132.838990:ERROR:dbus/bus.cc:405] Failed to connect to the bus: Could not parse server address: Unknown address type (examples of valid types are "tcp" and on UNIX "unix")
[76169:76169:1007/023132.848285:ERROR:dbus/object_proxy.cc:572] Failed to call method: org.freedesktop.DBus.NameHasOwner: object_path= /org/freedesktop/DBus: unknown error type: 
[76169:76198:1007/023132.848566:ERROR:dbus/bus.cc:405] Failed to connect to the bus: Could not parse server address: Unknown address type (examples of valid types are "tcp" and on UNIX "unix")
[76169:76169:1007/023132.855702:ERROR:dbus/object_proxy.cc:572] Failed to call method: org.freedesktop.DBus.NameHasOwner: object_path= /org/freedesktop/DBus: unknown error type: 
Combined browser: curation later response intent
Combined browser: rights later response intent
Combined browser: native Stop/lost acknowledgement with response draft
Combined browser: explicit imported-label review, note, canonical download
Error: {"exceptionId":1,"text":"Uncaught","lineNumber":0,"columnNumber":42,"scriptId":"110","stackTrace":{"callFrames":[{"functionName":"","scriptId":"110","url":"","lineNumber":0,"columnNumber":42}]},"exception":{"type":"object","subtype":"error","className":"TypeError","description":"TypeError: Cannot read properties of null (reading 'value')\n    at <anonymous>:1:43","objectId":"661722118092355039.3.2"}}
    at evaluate (/workspace/Tuldok-combined-workbench-local/tests/browser_combined_workbench.cjs:28:164)
    at async until (/workspace/Tuldok-combined-workbench-local/tests/browser_combined_workbench.cjs:9:61)
    at async /workspace/Tuldok-combined-workbench-local/tests/browser_combined_workbench.cjs:117:29
Runtime errors: []
Page diagnostics: {"url":"http://127.0.0.1:44949/workbench","notice":"Loading collection…","status":"","results":"","body":"← Corner studio\nDataset workbench\n\nReal assets, explicit targets, reproducible releases.\n\nDevelopment workspace\n\nLoading collection…\n\nCollection\nSearch\nType\nAll assets\nText\nTask\nAll tasks\nImage detection\nImage classification\nImage caption\nText classification\nText entities\nReview\nAll states\nDraft\nHuman reviewed\nProgrammatically verified\nSort\nNewest\nOldest\nName\nReview\nExact filter entry\nPlain text\nJSON strings · preserves line breaks\nTarget label (exact)\nProtected source/group (exact)\nRights note (exact)\n\nExact, case-sensitive values; leave blank for any. For values with line breaks, choose JSON strings and enter double-quoted values: \"first\\nsecond\" for LF, \\r for CR and \\r\\n for CRLF. Escape literal backslashes as \\\\ and quotes as \\\". Groups match IDs stored on the record, not all related sources. Rights notes are metadata, not permission decisions. Missing notes appear as unknown. Filtered results are dynamic; saved fixed membership and release selection stay separate.\n\nSearch collection\n\nSelect page\nClear selection\nSaved fixed selections\n\nSave the chosen records at their exact revisions. Searches and filters stay separate; saving or opening never approves annotations.\n\nSelection name\nSave selected records as a new set\nSaved set\nChoose a saved selection\nOpen fixed selection\nRefresh saved sets\nNew name\nRename saved set\nDelete saved set\n\nCuration diagnostics\n\nInspect current metadata in all applied collection results or exact selected IDs. Selection revision pairs stay fixed. Counts describe metadata, not permission or model quality. Missing sources means deleted source records; file integrity is checked during release.\n\nScope\nAll applied collection results\nExact selected IDs · current facts\nDiagnostic\nExact decoded-content duplicates\nUnlabeled · no annotation\nMissing so"}
