[185533:185560:1007/092930.891229:ERROR:dbus/bus.cc:405] Failed to connect to the bus: Failed to connect to socket /run/dbus/system_bus_socket: No such file or directory
[185533:185560:1007/092930.894703:ERROR:dbus/bus.cc:405] Failed to connect to the bus: Could not parse server address: Unknown address type (examples of valid types are "tcp" and on UNIX "unix")
[185533:185560:1007/092930.894760:ERROR:dbus/bus.cc:405] Failed to connect to the bus: Failed to connect to socket /run/dbus/system_bus_socket: No such file or directory
[185533:185560:1007/092930.894846:ERROR:dbus/bus.cc:405] Failed to connect to the bus: Failed to connect to socket /run/dbus/system_bus_socket: No such file or directory
[185533:185560:1007/092930.894853:ERROR:dbus/bus.cc:405] Failed to connect to the bus: Could not parse server address: Unknown address type (examples of valid types are "tcp" and on UNIX "unix")
[185533:185573:1007/092930.900775:ERROR:content/browser/zygote_host/zygote_host_impl_linux.cc:279] Failed to adjust OOM score of renderer with pid 185575: Read-only file system (30)
[185533:185560:1007/092931.219873:ERROR:dbus/bus.cc:405] Failed to connect to the bus: Could not parse server address: Unknown address type (examples of valid types are "tcp" and on UNIX "unix")
[185533:185560:1007/092931.247562:ERROR:dbus/bus.cc:405] Failed to connect to the bus: Could not parse server address: Unknown address type (examples of valid types are "tcp" and on UNIX "unix")
[185533:185573:1007/092931.249187:ERROR:content/browser/zygote_host/zygote_host_impl_linux.cc:279] Failed to adjust OOM score of renderer with pid 185591: Read-only file system (30)
[185533:185533:1007/092931.258944:ERROR:dbus/object_proxy.cc:572] Failed to call method: org.freedesktop.DBus.NameHasOwner: object_path= /org/freedesktop/DBus: unknown error type: 
[185533:185533:1007/092931.259080:ERROR:dbus/object_proxy.cc:572] Failed to call method: org.freedesktop.DBus.NameHasOwner: object_path= /org/freedesktop/DBus: unknown error type: 
[185533:185560:1007/092931.259099:ERROR:dbus/bus.cc:405] Failed to connect to the bus: Could not parse server address: Unknown address type (examples of valid types are "tcp" and on UNIX "unix")
[185533:185560:1007/092931.259111:ERROR:dbus/bus.cc:405] Failed to connect to the bus: Could not parse server address: Unknown address type (examples of valid types are "tcp" and on UNIX "unix")

DevTools listening on ws://127.0.0.1:38823/devtools/browser/ce8afc68-94c6-413c-bb1d-18f3ae9f1ec3
[185533:185533:1007/092931.274756:ERROR:dbus/object_proxy.cc:572] Failed to call method: org.freedesktop.DBus.NameHasOwner: object_path= /org/freedesktop/DBus: unknown error type: 
[185533:185533:1007/092931.277499:ERROR:dbus/object_proxy.cc:572] Failed to call method: org.freedesktop.DBus.NameHasOwner: object_path= /org/freedesktop/DBus: unknown error type: 
[185533:185533:1007/092931.279843:ERROR:dbus/object_proxy.cc:572] Failed to call method: org.freedesktop.DBus.NameHasOwner: object_path= /org/freedesktop/DBus: unknown error type: 
[185533:185560:1007/092931.279845:ERROR:dbus/bus.cc:405] Failed to connect to the bus: Failed to connect to socket /run/dbus/system_bus_socket: No such file or directory
[185533:185560:1007/092931.279868:ERROR:dbus/bus.cc:405] Failed to connect to the bus: Failed to connect to socket /run/dbus/system_bus_socket: No such file or directory
[185533:185533:1007/092931.281362:ERROR:dbus/object_proxy.cc:572] Failed to call method: org.freedesktop.DBus.NameHasOwner: object_path= /org/freedesktop/DBus: unknown error type: 
[185533:185560:1007/092931.281440:ERROR:dbus/bus.cc:405] Failed to connect to the bus: Could not parse server address: Unknown address type (examples of valid types are "tcp" and on UNIX "unix")
[185533:185573:1007/092931.307336:ERROR:content/browser/zygote_host/zygote_host_impl_linux.cc:279] Failed to adjust OOM score of renderer with pid 185621: Read-only file system (30)
[185533:185573:1007/092931.329696:ERROR:content/browser/zygote_host/zygote_host_impl_linux.cc:279] Failed to adjust OOM score of renderer with pid 185631: Read-only file system (30)
[185533:185573:1007/092931.341187:ERROR:content/browser/zygote_host/zygote_host_impl_linux.cc:279] Failed to adjust OOM score of renderer with pid 185638: Read-only file system (30)
[185533:185533:1007/092931.354548:ERROR:dbus/object_proxy.cc:572] Failed to call method: org.freedesktop.DBus.Properties.GetAll: object_path= /org/freedesktop/UPower/devices/DisplayDevice: unknown error type: 
[185533:185533:1007/092931.354783:ERROR:dbus/object_proxy.cc:572] Failed to call method: org.freedesktop.DBus.NameHasOwner: object_path= /org/freedesktop/DBus: unknown error type: 
[185533:185560:1007/092931.354878:ERROR:dbus/bus.cc:405] Failed to connect to the bus: Could not parse server address: Unknown address type (examples of valid types are "tcp" and on UNIX "unix")
[185533:185533:1007/092931.365924:ERROR:dbus/object_proxy.cc:572] Failed to call method: org.freedesktop.DBus.NameHasOwner: object_path= /org/freedesktop/DBus: unknown error type: 
[185533:185560:1007/092931.366081:ERROR:dbus/bus.cc:405] Failed to connect to the bus: Could not parse server address: Unknown address type (examples of valid types are "tcp" and on UNIX "unix")
[185533:185533:1007/092931.373000:ERROR:dbus/object_proxy.cc:572] Failed to call method: org.freedesktop.DBus.NameHasOwner: object_path= /org/freedesktop/DBus: unknown error type: 
Original single-line defect, API positive controls: [{"stored":[108,101,102,116,10,114,105,103,104,116],"input":[108,101,102,116,114,105,103,104,116],"exact":1,"sanitized":0},{"stored":[108,101,102,116,13,114,105,103,104,116],"input":[108,101,102,116,114,105,103,104,116],"exact":1,"sanitized":0},{"stored":[108,101,102,116,13,10,114,105,103,104,116],"input":[108,101,102,116,114,105,103,104,116],"exact":1,"sanitized":0}]
Surrogate entry: {"field":"label","codeUnits":[55296],"submitted":[],"total":1}
Surrogate entry: {"field":"label","codeUnits":[57343],"submitted":[],"total":1}
Surrogate entry: {"field":"label","codeUnits":[97,55296,98],"submitted":[],"total":1}
Surrogate entry: {"field":"label","codeUnits":[55296,55296],"submitted":[],"total":1}
Surrogate entry: {"field":"label","codeUnits":[56320,55296],"submitted":[],"total":1}
Surrogate entry: {"field":"group","codeUnits":[55296],"submitted":[],"total":1}
Surrogate entry: {"field":"group","codeUnits":[57343],"submitted":[],"total":1}
Surrogate entry: {"field":"group","codeUnits":[97,55296,98],"submitted":[],"total":1}
Surrogate entry: {"field":"group","codeUnits":[55296,55296],"submitted":[],"total":1}
Surrogate entry: {"field":"group","codeUnits":[56320,55296],"submitted":[],"total":1}
Surrogate entry: {"field":"rights","codeUnits":[55296],"submitted":[],"total":1}
Surrogate entry: {"field":"rights","codeUnits":[57343],"submitted":[],"total":1}
Surrogate entry: {"field":"rights","codeUnits":[97,55296,98],"submitted":[],"total":1}
Surrogate entry: {"field":"rights","codeUnits":[55296,55296],"submitted":[],"total":1}
Surrogate entry: {"field":"rights","codeUnits":[56320,55296],"submitted":[],"total":1}
Exact label/group/rights filters, lossless LF/CR/CRLF JSON entry and submitted codepoints, unknown retained notes, keyboard search, combined criteria, pagination, dynamic results/fixed pairs, preview/export, error recovery and narrow layout passed.
