Error: Bounded probe timed out
    at until (/workspace/Tuldok/docs/plans/text-classification-proposals/reports/final-caption-integration/independent-review/interactions/native-two-pages-probe.cjs:6:118)
    at async /workspace/Tuldok/docs/plans/text-classification-proposals/reports/final-caption-integration/independent-review/interactions/native-two-pages-probe.cjs:33:2
{
  "first": {
    "url": "http://127.0.0.1:46713/workbench",
    "posted": [
      {
        "source_id": "ca594bb83fd640b6974a47fd2468c936",
        "revision": 1,
        "source_revision": 1,
        "server_url": "http://127.0.0.1:41075/v1/",
        "model": "classification-fixture",
        "instruction": "Original exact guidance",
        "seed": 42,
        "labels": [
          "keep",
          "cancel"
        ],
        "request_id": "cd95874f3bc7457dbfefee1c2794d861"
      }
    ],
    "storage": "{\"schema_version\":1,\"body\":{\"source_id\":\"ca594bb83fd640b6974a47fd2468c936\",\"revision\":1,\"source_revision\":1,\"server_url\":\"http://127.0.0.1:41075/v1/\",\"model\":\"classification-fixture\",\"instruction\":\"Different second-page author intent\",\"seed\":42,\"labels\":[\"keep\",\"cancel\"],\"request_id\":\"4fbddcd02f444958bd60d915678d009e\"}}",
    "status": "Listed served text models. Listing does not establish classification or JSON compatibility; incompatible requests fail without fallback.",
    "busy": true,
    "paused": false,
    "model": "classification-fixture",
    "guidance": "Original exact guidance"
  },
  "second": {
    "url": "http://127.0.0.1:46713/workbench",
    "posted": [
      {
        "source_id": "ca594bb83fd640b6974a47fd2468c936",
        "revision": 1,
        "source_revision": 1,
        "server_url": "http://127.0.0.1:41075/v1/",
        "model": "classification-fixture",
        "instruction": "Different second-page author intent",
        "seed": 42,
        "labels": [
          "keep",
          "cancel"
        ],
        "request_id": "4fbddcd02f444958bd60d915678d009e"
      }
    ],
    "storage": "{\"schema_version\":1,\"body\":{\"source_id\":\"ca594bb83fd640b6974a47fd2468c936\",\"revision\":1,\"source_revision\":1,\"server_url\":\"http://127.0.0.1:41075/v1/\",\"model\":\"classification-fixture\",\"instruction\":\"Different second-page author intent\",\"seed\":42,\"labels\":[\"keep\",\"cancel\"],\"request_id\":\"4fbddcd02f444958bd60d915678d009e\"}}",
    "status": "Listed served text models. Listing does not establish classification or JSON compatibility; incompatible requests fail without fallback.",
    "busy": true,
    "paused": false,
    "model": "classification-fixture",
    "guidance": "Different second-page author intent"
  }
}
[]
