{
  "finding": "confirmed",
  "raw_url_codepoints": 2072,
  "raw_url_utf16": 2072,
  "initial_frontend_post": true,
  "persisted_before_backend_refusal": true,
  "backend_status": 400,
  "backend_error": {
    "error": "Requested server URL must be text, 1–2048 characters.",
    "code": "invalid"
  },
  "backend_jobs": 0,
  "worker_started": false,
  "reload_exact_get": 404,
  "changed_url_posts": 0,
  "exact_retry_status": 400,
  "persisted_after_retry": true,
  "pending_id": "ed750dd4ea974267a3a712cee84ee527",
  "retry_status": "An earlier request has an unknown acknowledgement. Refresh requests before changing its intent. Refresh requests to reconcile. An explicit repeat of this unchanged request uses the same ID; no automatic retry."
}
